
 Start         Length     Name                   Class
 0001:00000000 00085EC0H .text                   CODE
 0002:00000000 00001790H .data                   DATA
 0002:00001790 00000FA9H .bss                    BSS


Detailed map of segments

 0001:00000000 00005E9F C=CODE     S=.text    G=(none)   M=System   ACBP=A9
 0001:00005EA0 00000140 C=CODE     S=.text    G=(none)   M=SysInit  ACBP=A9
 0001:00005FE0 00000078 C=CODE     S=.text    G=(none)   M=Types    ACBP=A9
 0001:00006058 00000EA0 C=CODE     S=.text    G=(none)   M=Windows  ACBP=A9
 0001:00006EF8 00000038 C=CODE     S=.text    G=(none)   M=Messages ACBP=A9
 0001:00006F30 00000338 C=CODE     S=.text    G=(none)   M=SysConst ACBP=A9
 0001:00007268 0000714C C=CODE     S=.text    G=(none)   M=SysUtils ACBP=A9
 0001:0000E3B4 0000080B C=CODE     S=.text    G=(none)   M=VarUtils ACBP=A9
 0001:0000EBC0 00006ABE C=CODE     S=.text    G=(none)   M=Variants ACBP=A9
 0001:00015680 00000150 C=CODE     S=.text    G=(none)   M=RTLConsts ACBP=A9
 0001:000157D0 00000914 C=CODE     S=.text    G=(none)   M=TypInfo  ACBP=A9
 0001:000160E4 00000038 C=CODE     S=.text    G=(none)   M=ActiveX  ACBP=A9
 0001:0001611C 0000A73E C=CODE     S=.text    G=(none)   M=Classes  ACBP=A9
 0001:0002085C 000002C8 C=CODE     S=.text    G=(none)   M=Consts   ACBP=A9
 0001:00020B24 00008D7F C=CODE     S=.text    G=(none)   M=Graphics ACBP=A9
 0001:000298A4 00000048 C=CODE     S=.text    G=(none)   M=Math     ACBP=A9
 0001:000298EC 000002B8 C=CODE     S=.text    G=(none)   M=Contnrs  ACBP=A9
 0001:00029BA4 000000F4 C=CODE     S=.text    G=(none)   M=CommCtrl ACBP=A9
 0001:00029C98 00000787 C=CODE     S=.text    G=(none)   M=MultiMon ACBP=A9
 0001:0002A420 00000038 C=CODE     S=.text    G=(none)   M=Imm      ACBP=A9
 0001:0002A458 00000FF8 C=CODE     S=.text    G=(none)   M=HelpIntfs ACBP=A9
 0001:0002B450 00000038 C=CODE     S=.text    G=(none)   M=WinSpool ACBP=A9
 0001:0002B488 00000044 C=CODE     S=.text    G=(none)   M=Printers ACBP=A9
 0001:0002B4CC 0000031F C=CODE     S=.text    G=(none)   M=FlatSB   ACBP=A9
 0001:0002B7EC 000001A4 C=CODE     S=.text    G=(none)   M=SyncObjs ACBP=A9
 0001:0002B990 000009BB C=CODE     S=.text    G=(none)   M=UxTheme  ACBP=A9
 0001:0002C34C 00000038 C=CODE     S=.text    G=(none)   M=RichEdit ACBP=A9
 0001:0002C384 00000038 C=CODE     S=.text    G=(none)   M=ToolWin  ACBP=A9
 0001:0002C3BC 00000038 C=CODE     S=.text    G=(none)   M=ShellAPI ACBP=A9
 0001:0002C3F4 00000038 C=CODE     S=.text    G=(none)   M=RegStr   ACBP=A9
 0001:0002C42C 00000038 C=CODE     S=.text    G=(none)   M=WinInet  ACBP=A9
 0001:0002C464 00000038 C=CODE     S=.text    G=(none)   M=UrlMon   ACBP=A9
 0001:0002C49C 0000006C C=CODE     S=.text    G=(none)   M=ShlObj   ACBP=A9
 0001:0002C508 00000048 C=CODE     S=.text    G=(none)   M=CommDlg  ACBP=A9
 0001:0002C550 00000038 C=CODE     S=.text    G=(none)   M=Dlgs     ACBP=A9
 0001:0002C588 00002751 C=CODE     S=.text    G=(none)   M=Dialogs  ACBP=A9
 0001:0002ECDC 0000327A C=CODE     S=.text    G=(none)   M=ExtCtrls ACBP=A9
 0001:00031F58 00000038 C=CODE     S=.text    G=(none)   M=ComStrs  ACBP=A9
 0001:00031F90 00000094 C=CODE     S=.text    G=(none)   M=Clipbrd  ACBP=A9
 0001:00032024 00000038 C=CODE     S=.text    G=(none)   M=StrUtils ACBP=A9
 0001:0003205C 000000F5 C=CODE     S=.text    G=(none)   M=Buttons  ACBP=A9
 0001:00032154 00000038 C=CODE     S=.text    G=(none)   M=ExtDlgs  ACBP=A9
 0001:0003218C 00000068 C=CODE     S=.text    G=(none)   M=IniFiles ACBP=A9
 0001:000321F4 00000728 C=CODE     S=.text    G=(none)   M=Registry ACBP=A9
 0001:0003291C 0000006C C=CODE     S=.text    G=(none)   M=Mapi     ACBP=A9
 0001:00032988 00000058 C=CODE     S=.text    G=(none)   M=ExtActns ACBP=A9
 0001:000329E0 00000038 C=CODE     S=.text    G=(none)   M=ListActns ACBP=A9
 0001:00032A18 00000180 C=CODE     S=.text    G=(none)   M=ComCtrls ACBP=A9
 0001:00032B98 00000A0C C=CODE     S=.text    G=(none)   M=Themes   ACBP=A9
 0001:000335A4 00004574 C=CODE     S=.text    G=(none)   M=StdCtrls ACBP=A9
 0001:00037B18 00000168 C=CODE     S=.text    G=(none)   M=StdActns ACBP=A9
 0001:00037C80 00000D1F C=CODE     S=.text    G=(none)   M=WinHelpViewer ACBP=A9
 0001:000389A0 00010B5F C=CODE     S=.text    G=(none)   M=Controls ACBP=A9
 0001:00049500 00001292 C=CODE     S=.text    G=(none)   M=ActnList ACBP=A9
 0001:0004A794 000016E4 C=CODE     S=.text    G=(none)   M=ImgList  ACBP=A9
 0001:0004BE78 000066AD C=CODE     S=.text    G=(none)   M=Menus    ACBP=A9
 0001:00052528 0000C568 C=CODE     S=.text    G=(none)   M=Forms    ACBP=A9
 0001:0005EA90 00000038 C=CODE     S=.text    G=(none)   M=ETypes   ACBP=A9
 0001:0005EAC8 00000B14 C=CODE     S=.text    G=(none)   M=EConsts  ACBP=A9
 0001:0005F5DC 00001A2F C=CODE     S=.text    G=(none)   M=ECore    ACBP=A9
 0001:0006100C 00000A6B C=CODE     S=.text    G=(none)   M=EHook    ACBP=A9
 0001:00061A78 000000C4 C=CODE     S=.text    G=(none)   M=ELang    ACBP=A9
 0001:00061B3C 000000A0 C=CODE     S=.text    G=(none)   M=WinSock  ACBP=A9
 0001:00061BDC 00000BCC C=CODE     S=.text    G=(none)   M=ESockets ACBP=A9
 0001:000627A8 0000E696 C=CODE     S=.text    G=(none)   M=ExceptionLog ACBP=A9
 0001:00070E40 000003E0 C=CODE     S=.text    G=(none)   M=TinyWideStrings ACBP=A9
 0001:00071220 00000254 C=CODE     S=.text    G=(none)   M=MethodCallBack ACBP=A9
 0001:00071474 00013448 C=CODE     S=.text    G=(none)   M=PythonEngine ACBP=A9
 0001:000848BC 00000488 C=CODE     S=.text    G=(none)   M=PythonGUIInputOutput ACBP=A9
 0001:00084D44 00000ECC C=CODE     S=.text    G=(none)   M=Unit1    ACBP=A9
 0001:00085C10 000002AD C=CODE     S=.text    G=(none)   M=Project1 ACBP=A9
 0002:00000000 000000A0 C=DATA     S=.data    G=DGROUP   M=System   ACBP=A9
 0002:000000A0 00000020 C=DATA     S=.data    G=DGROUP   M=SysInit  ACBP=A9
 0002:000000C0 00000254 C=DATA     S=.data    G=DGROUP   M=SysUtils ACBP=A9
 0002:00000314 00000110 C=DATA     S=.data    G=DGROUP   M=VarUtils ACBP=A9
 0002:00000424 00000136 C=DATA     S=.data    G=DGROUP   M=Variants ACBP=A9
 0002:0000055C 0000000C C=DATA     S=.data    G=DGROUP   M=TypInfo  ACBP=A9
 0002:00000568 00000080 C=DATA     S=.data    G=DGROUP   M=Classes  ACBP=A9
 0002:000005E8 00000304 C=DATA     S=.data    G=DGROUP   M=Graphics ACBP=A9
 0002:000008EC 00000004 C=DATA     S=.data    G=DGROUP   M=Printers ACBP=A9
 0002:000008F0 00000114 C=DATA     S=.data    G=DGROUP   M=Dialogs  ACBP=A9
 0002:00000A04 0000018C C=DATA     S=.data    G=DGROUP   M=ExtCtrls ACBP=A9
 0002:00000B90 0000002C C=DATA     S=.data    G=DGROUP   M=Buttons  ACBP=A9
 0002:00000BBC 00000008 C=DATA     S=.data    G=DGROUP   M=IniFiles ACBP=A9
 0002:00000BC4 00000008 C=DATA     S=.data    G=DGROUP   M=Registry ACBP=A9
 0002:00000BCC 00000008 C=DATA     S=.data    G=DGROUP   M=Mapi     ACBP=A9
 0002:00000BD4 00000018 C=DATA     S=.data    G=DGROUP   M=ComCtrls ACBP=A9
 0002:00000BEC 00000068 C=DATA     S=.data    G=DGROUP   M=Themes   ACBP=A9
 0002:00000C54 00000080 C=DATA     S=.data    G=DGROUP   M=StdCtrls ACBP=A9
 0002:00000CD4 0000013C C=DATA     S=.data    G=DGROUP   M=Controls ACBP=A9
 0002:00000E10 00000020 C=DATA     S=.data    G=DGROUP   M=ImgList  ACBP=A9
 0002:00000E30 000000EC C=DATA     S=.data    G=DGROUP   M=Menus    ACBP=A9
 0002:00000F1C 0000011C C=DATA     S=.data    G=DGROUP   M=Forms    ACBP=A9
 0002:00001038 000001D4 C=DATA     S=.data    G=DGROUP   M=EConsts  ACBP=A9
 0002:0000120C 00000004 C=DATA     S=.data    G=DGROUP   M=ECore    ACBP=A9
 0002:00001210 00000045 C=DATA     S=.data    G=DGROUP   M=ExceptionLog ACBP=A9
 0002:00001258 0000002A C=DATA     S=.data    G=DGROUP   M=MethodCallBack ACBP=A9
 0002:00001284 00000094 C=DATA     S=.data    G=DGROUP   M=PythonEngine ACBP=A9
 0002:00002000 00000664 C=BSS      S=.bss     G=DGROUP   M=System   ACBP=A9
 0002:00002664 00000010 C=BSS      S=.bss     G=DGROUP   M=SysInit  ACBP=A9
 0002:00002674 00000004 C=BSS      S=.bss     G=DGROUP   M=Types    ACBP=A9
 0002:00002678 00000004 C=BSS      S=.bss     G=DGROUP   M=Windows  ACBP=A9
 0002:0000267C 00000004 C=BSS      S=.bss     G=DGROUP   M=Messages ACBP=A9
 0002:00002680 00000004 C=BSS      S=.bss     G=DGROUP   M=SysConst ACBP=A9
 0002:00002684 00000120 C=BSS      S=.bss     G=DGROUP   M=SysUtils ACBP=A9
 0002:000027A4 0000005C C=BSS      S=.bss     G=DGROUP   M=VarUtils ACBP=A9
 0002:00002800 00000040 C=BSS      S=.bss     G=DGROUP   M=Variants ACBP=A9
 0002:00002840 00000004 C=BSS      S=.bss     G=DGROUP   M=RTLConsts ACBP=A9
 0002:00002844 00000004 C=BSS      S=.bss     G=DGROUP   M=TypInfo  ACBP=A9
 0002:00002848 00000004 C=BSS      S=.bss     G=DGROUP   M=ActiveX  ACBP=A9
 0002:0000284C 00000044 C=BSS      S=.bss     G=DGROUP   M=Classes  ACBP=A9
 0002:00002890 00000004 C=BSS      S=.bss     G=DGROUP   M=Consts   ACBP=A9
 0002:00002894 00000060 C=BSS      S=.bss     G=DGROUP   M=Graphics ACBP=A9
 0002:000028F4 00000004 C=BSS      S=.bss     G=DGROUP   M=Math     ACBP=A9
 0002:000028F8 00000004 C=BSS      S=.bss     G=DGROUP   M=Contnrs  ACBP=A9
 0002:000028FC 00000004 C=BSS      S=.bss     G=DGROUP   M=CommCtrl ACBP=A9
 0002:00002900 00000031 C=BSS      S=.bss     G=DGROUP   M=MultiMon ACBP=A9
 0002:00002934 00000004 C=BSS      S=.bss     G=DGROUP   M=Imm      ACBP=A9
 0002:00002938 00000008 C=BSS      S=.bss     G=DGROUP   M=HelpIntfs ACBP=A9
 0002:00002940 00000004 C=BSS      S=.bss     G=DGROUP   M=WinSpool ACBP=A9
 0002:00002944 00000004 C=BSS      S=.bss     G=DGROUP   M=Printers ACBP=A9
 0002:00002948 00000034 C=BSS      S=.bss     G=DGROUP   M=FlatSB   ACBP=A9
 0002:0000297C 00000004 C=BSS      S=.bss     G=DGROUP   M=SyncObjs ACBP=A9
 0002:00002980 000000CC C=BSS      S=.bss     G=DGROUP   M=UxTheme  ACBP=A9
 0002:00002A4C 00000004 C=BSS      S=.bss     G=DGROUP   M=RichEdit ACBP=A9
 0002:00002A50 00000004 C=BSS      S=.bss     G=DGROUP   M=ToolWin  ACBP=A9
 0002:00002A54 00000004 C=BSS      S=.bss     G=DGROUP   M=ShellAPI ACBP=A9
 0002:00002A58 00000004 C=BSS      S=.bss     G=DGROUP   M=RegStr   ACBP=A9
 0002:00002A5C 00000004 C=BSS      S=.bss     G=DGROUP   M=WinInet  ACBP=A9
 0002:00002A60 00000004 C=BSS      S=.bss     G=DGROUP   M=UrlMon   ACBP=A9
 0002:00002A64 00000004 C=BSS      S=.bss     G=DGROUP   M=ShlObj   ACBP=A9
 0002:00002A68 00000004 C=BSS      S=.bss     G=DGROUP   M=CommDlg  ACBP=A9
 0002:00002A6C 00000004 C=BSS      S=.bss     G=DGROUP   M=Dlgs     ACBP=A9
 0002:00002A70 00000038 C=BSS      S=.bss     G=DGROUP   M=Dialogs  ACBP=A9
 0002:00002AA8 00000004 C=BSS      S=.bss     G=DGROUP   M=ExtCtrls ACBP=A9
 0002:00002AAC 00000004 C=BSS      S=.bss     G=DGROUP   M=ComStrs  ACBP=A9
 0002:00002AB0 0000000C C=BSS      S=.bss     G=DGROUP   M=Clipbrd  ACBP=A9
 0002:00002ABC 00000004 C=BSS      S=.bss     G=DGROUP   M=StrUtils ACBP=A9
 0002:00002AC0 00000030 C=BSS      S=.bss     G=DGROUP   M=Buttons  ACBP=A9
 0002:00002AF0 00000004 C=BSS      S=.bss     G=DGROUP   M=ExtDlgs  ACBP=A9
 0002:00002AF4 00000004 C=BSS      S=.bss     G=DGROUP   M=IniFiles ACBP=A9
 0002:00002AF8 00000004 C=BSS      S=.bss     G=DGROUP   M=Registry ACBP=A9
 0002:00002AFC 00000004 C=BSS      S=.bss     G=DGROUP   M=Mapi     ACBP=A9
 0002:00002B00 00000009 C=BSS      S=.bss     G=DGROUP   M=ExtActns ACBP=A9
 0002:00002B0C 00000004 C=BSS      S=.bss     G=DGROUP   M=ListActns ACBP=A9
 0002:00002B10 00000010 C=BSS      S=.bss     G=DGROUP   M=ComCtrls ACBP=A9
 0002:00002B20 00000008 C=BSS      S=.bss     G=DGROUP   M=Themes   ACBP=A9
 0002:00002B28 00000004 C=BSS      S=.bss     G=DGROUP   M=StdCtrls ACBP=A9
 0002:00002B2C 00000004 C=BSS      S=.bss     G=DGROUP   M=StdActns ACBP=A9
 0002:00002B30 00000014 C=BSS      S=.bss     G=DGROUP   M=WinHelpViewer ACBP=A9
 0002:00002B44 00000080 C=BSS      S=.bss     G=DGROUP   M=Controls ACBP=A9
 0002:00002BC4 00000004 C=BSS      S=.bss     G=DGROUP   M=ActnList ACBP=A9
 0002:00002BC8 0000000C C=BSS      S=.bss     G=DGROUP   M=ImgList  ACBP=A9
 0002:00002BD4 00000010 C=BSS      S=.bss     G=DGROUP   M=Menus    ACBP=A9
 0002:00002BE4 00000020 C=BSS      S=.bss     G=DGROUP   M=Forms    ACBP=A9
 0002:00002C04 00000004 C=BSS      S=.bss     G=DGROUP   M=ETypes   ACBP=A9
 0002:00002C08 00000004 C=BSS      S=.bss     G=DGROUP   M=EConsts  ACBP=A9
 0002:00002C0C 00000028 C=BSS      S=.bss     G=DGROUP   M=ECore    ACBP=A9
 0002:00002C34 0000000C C=BSS      S=.bss     G=DGROUP   M=EHook    ACBP=A9
 0002:00002C40 00000004 C=BSS      S=.bss     G=DGROUP   M=ELang    ACBP=A9
 0002:00002C44 00000004 C=BSS      S=.bss     G=DGROUP   M=WinSock  ACBP=A9
 0002:00002C48 00000004 C=BSS      S=.bss     G=DGROUP   M=ESockets ACBP=A9
 0002:00002C4C 0000032D C=BSS      S=.bss     G=DGROUP   M=ExceptionLog ACBP=A9
 0002:00002F7C 00000004 C=BSS      S=.bss     G=DGROUP   M=TinyWideStrings ACBP=A9
 0002:00002F80 00000008 C=BSS      S=.bss     G=DGROUP   M=MethodCallBack ACBP=A9
 0002:00002F88 0000000C C=BSS      S=.bss     G=DGROUP   M=PythonEngine ACBP=A9
 0002:00002F94 00000004 C=BSS      S=.bss     G=DGROUP   M=PythonGUIInputOutput ACBP=A9
 0002:00002F98 00000010 C=BSS      S=.bss     G=DGROUP   M=Unit1    ACBP=A9


  Address         Publics by Name

 0002:00002C34       .1
 0002:000028FC       .1
 0002:00002B38       .1
 0002:00002840       .1
 0002:00002A3C       .1
 0002:00002890       .1
 0002:00002A4C       .1
 0002:00002C40       .1
 0002:00002C44       .1
 0002:00002A54       .1
 0002:00002A6C       .1
 0002:00002A58       .1
 0002:00002C04       .1
 0002:00002A5C       .1
 0002:00002ABC       .1
 0002:00002A60       .1
 0002:00002A64       .1
 0002:00002A68       .1
 0002:00002680       .1
 0002:00002F80       .1
 0002:00002674       .1
 0002:00002AFC       .1
 0002:00002AAC       .1
 0002:00002920       .1
 0002:00002934       .1
 0002:00002968       .1
 0002:0000266C       .1
 0002:0000267C       .1
 0002:00002A70       .11
 0002:00002898       .12
 0002:00002AA8       .12
 0002:00002AB4       .2
 0002:00002B20       .2
 0002:00002F94       .2
 0002:00002938       .2
 0002:000028F4       .2
 0002:00002F7C       .2
 0002:00002C10       .2
 0002:00002FA4       .2
 0002:000028F8       .21
 0002:00002AF0       .3
 0002:00002678       .3
 0002:00002940       .3
 0002:00002848       .3
 0002:00002BC8       .3
 0002:00002944       .3
 0002:00002794       .35
 0002:00002B10       .36
 0002:00002C08       .4
 0002:00002AC0       .4
 0002:00002A50       .4
 0002:00002C48       .4
 0002:00002BEC       .41
 0002:00002B28       .42
 0002:00002858       .45
 0002:000027FC       .5
 0002:00002AF8       .5
 0002:000025BC       .5
 0002:0000297C       .6
 0002:00002844       .6
 0002:00002C54       .6
 0002:00002F88       .67
 0002:00002B00       .72
 0002:00002B4C       .72
 0002:00002B2C       .73
 0002:00002AF4       .8
 0002:00002B0C       .8
 0002:00002BC4       .8
 0002:00002820       .81
 0002:00002BDC       .9
 0001:00002058       @AbstractError
 0001:00004904       @AddRefArray
 0001:000048BC       @AddRefRecord
 0001:00002FEC       @AfterConstruction
 0001:00002E18       @AsClass
 0001:00003AAC       @Assert
 0001:00002494       @AStrCmp
 0001:00002FFC       @BeforeDestruction
 0001:00002B98       @BoundErr
 0001:00002E64       @CallDynaInst
 0001:000058DC       @CheckAutoResult
 0001:00002F94       @ClassCreate
 0001:00002FE4       @ClassDestroy
 0001:00002390       @Close
 0001:00001C74       @Copy
 0001:00004AF8       @CopyArray
 0001:000049DC       @CopyRecord
 0001:00004C34       @DispCallByIDError
 0001:0000FAA8       @DispInvoke
 0001:0000F7A0       @DispInvokeError
 0001:00004C00       @Dispose
 0001:0000353C       @DoneExcept
 0001:000050D0       @DynArrayAddRef
 0001:000050A8       @DynArrayAsg
 0001:0000506C       @DynArrayClear
 0001:00004E8C       @DynArrayHigh
 0001:00004E84       @DynArrayLength
 0001:00005060       @DynArraySetLength
 0001:00003624       @ExceptionHandler
 0001:00002504       @FillChar
 0001:000048B0       @Finalize
 0001:000047C4       @FinalizeArray
 0001:00004778       @FinalizeRecord
 0001:00002E7C       @FindDynaInst
 0001:00002384       @Flush
 0001:00002B8C       @FpuInit
 0001:00002AC8       @FpuMaskInit
 0001:00001AE8       @FreeMem
 0001:00001AB8       @GetMem
 0001:00005F18       @GetTls
 0001:00003A94       @Halt
 0001:000039B4       @Halt0
 0001:00003110       @HandleAnyException
 0001:000033FC       @HandleAutoException
 0001:000033C4       @HandleFinally
 0001:0000323C       @HandleOnException
 0001:00005F64       @InitExe
 0001:0000476C       @Initialize
 0001:000046D8       @InitializeArray
 0001:000046A8       @InitializeRecord
 0001:00003878       @InitImports
 0001:00003850       @InitResStringImports
 0001:0000382C       @InitResStrings
 0001:00005840       @IntfAddRef
 0001:00005810       @IntfCast
 0001:000057CC       @IntfClear
 0001:000057E4       @IntfCopy
 0001:00002DF4       @IsClass
 0001:00002A98       @isNECWindows
 0001:00001CB8       @LGetDir
 0001:0000401C       @LStrAddRef
 0001:00003B74       @LStrArrayClr
 0001:00003BA4       @LStrAsg
 0001:00003E34       @LStrCat
 0001:00003E78       @LStrCat3
 0001:00003EEC       @LStrCatN
 0001:00003B50       @LStrClr
 0001:00003F78       @LStrCmp
 0001:0000408C       @LStrCopy
 0001:000040CC       @LStrDelete
 0001:00003DC0       @LStrFromArray
 0001:00003D38       @LStrFromChar
 0001:00003D48       @LStrFromPChar
 0001:00003C40       @LStrFromPCharLen
 0001:00003D78       @LStrFromPWChar
 0001:00003CAC       @LStrFromPWCharLen
 0001:00003DB4       @LStrFromString
 0001:00003DD8       @LStrFromWArray
 0001:00003DF4       @LStrFromWStr
 0001:00004114       @LStrInsert
 0001:00003BE8       @LStrLAsg
 0001:00003E2C       @LStrLen
 0001:0000421C       @LStrOfChar
 0001:00004170       @LStrPos
 0001:000041B8       @LStrSetLength
 0001:0000402C       @LStrToPChar
 0001:00003E08       @LStrToString
 0001:00004BEC       @New
 0001:00003C14       @NewAnsiString
 0001:0000428C       @NewWideString
 0001:00001FC0       @Pos
 0001:000027AC       @Pow10
 0001:00002410       @PStrCmp
 0001:000023E8       @PStrCpy
 0001:000023F4       @PStrNCpy
 0001:000034E8       @RaiseAgain
 0001:000034C0       @RaiseExcept
 0001:00001B08       @ReallocMem
 0001:000020CC       @RewritText
 0001:00002028       @ROUND
 0001:00003AA0       @RunError
 0001:00002790       @SetEq
 0001:00002000       @SetLength
 0001:000037EC       @StartExe
 0001:00000324       @strlen
 0001:00002034       @TRUNC
 0001:0000356C       @TryFinallyExit
 0001:00004084       @UniqueStringA
 0001:00004C60       @ValInt64
 0001:00002524       @ValLong
 0001:00014974       @VarAddRef
 0001:000048EC       @VarAddRef
 0001:00014EC8       @VarArrayGet
 0001:00014F94       @VarArrayPut
 0001:000101C8       @VarCast
 0001:0000FA8C       @VarClear
 0001:000047AC       @VarClr
 0001:0000FAA0       @VarClr
 0001:0001554C       @VarCmpEQ
 0001:000049C4       @VarCopy
 0001:0000FECC       @VarCopy
 0001:00013F14       @VarFromBool
 0001:00013DA0       @VarFromByte
 0001:00013F64       @VarFromCurr
 0001:00013EBC       @VarFromCurrency
 0001:00013EE8       @VarFromDate
 0001:00014008       @VarFromDisp
 0001:00013E90       @VarFromDouble
 0001:00013D44       @VarFromInt
 0001:00013E40       @VarFromInt64
 0001:00013D80       @VarFromInteger
 0001:00013FDC       @VarFromIntf
 0001:00013DE0       @VarFromLongWord
 0001:00013F78       @VarFromLStr
 0001:00013F3C       @VarFromReal
 0001:00013E00       @VarFromShortInt
 0001:00013E6C       @VarFromSingle
 0001:00013E20       @VarFromSmallInt
 0001:00013F50       @VarFromTDateTime
 0001:00013DC0       @VarFromWord
 0001:00013FA4       @VarFromWStr
 0001:0000F7F4       @VarNull
 0001:0000FF10       @VarStringToOleStr
 0001:0001164C       @VarToBoolean
 0001:00010A8C       @VarToByte
 0001:0001282C       @VarToCurrency
 0001:000122C4       @VarToDate
 0001:00013C98       @VarToDisp
 0001:00011B54       @VarToDouble
 0001:00011050       @VarToInt64
 0001:0001058C       @VarToInteger
 0001:00013BCC       @VarToIntf
 0001:00010D04       @VarToLongWord
 0001:00012EE0       @VarToLStr
 0001:00011ED0       @VarToReal
 0001:000109DC       @VarToShortInt
 0001:00011EEC       @VarToSingle
 0001:00010B34       @VarToSmallInt
 0001:00010C2C       @VarToWord
 0001:00013600       @VarToWStr
 0001:00004248       @Write0LString
 0001:0000263C       @WriteBytes
 0001:0000270C       @WriteLn
 0001:00004264       @WriteLString
 0001:00002690       @WriteSpaces
 0001:00004688       @WStrAddRef
 0001:000042CC       @WStrArrayClr
 0001:000042F0       @WStrAsg
 0001:00004474       @WStrCat
 0001:000042B4       @WStrClr
 0001:000044D4       @WStrCmp
 0001:00004558       @WStrCopy
 0001:00004448       @WStrFromLStr
 0001:000043DC       @WStrFromPChar
 0001:0000431C       @WStrFromPCharLen
 0001:0000440C       @WStrFromPWChar
 0001:000043A8       @WStrFromPWCharLen
 0001:000043CC       @WStrFromWChar
 0001:000045A4       @WStrInsert
 0001:00004314       @WStrLAsg
 0001:00004468       @WStrLen
 0001:00004640       @WStrSetLength
 0001:00004458       @WStrToPWChar
 0001:0000276C       @_CLenToPasStr
 0001:00002760       @_CToPasStr
 0001:00001C44       @_IOTest
 0001:00004C3C       @_llmul
 0001:0000C130       Abort
 0001:0003B508       AbsMin
 0001:0000C4B4       AbstractErrorHandler
 0002:0000202C       AbstractErrorProc
 0002:00000144       AccessMode
 0001:00001BA4       AcquireExceptionObject
 0001:00067E68       ActicatePage
 0001:00018660       ActivateClassGroup
 0001:0005FDF0       ActivateInterlanLog
 0001:000066CC       ActivateKeyboardLayout
 0002:00002B80       ActiveDrag
 0002:00002C2D       ActiveInternalLog
 0001:00016114       ActiveX
 0001:0004A768       ActnList
 0001:0000048C       AddBlockAfter
 0002:00000568       AddDataModule
 0001:00007F1C       AddExitProc
 0001:0001BF74       AddFinished
 0001:0004DAAC       AddIn
 0001:000660D4       AddModule
 0001:00005624       AddModuleUnloadProc
 0001:00005634       AddModuleUnloadProc
 0001:0001BFAC       AddNotFinished
 0001:0001C9D0       AddSubComponentsToLoaded
 0001:0001EDE4       AddThread
 0001:000661D8       AddToStack
 0001:00066BB0       AdjustButtonStyle
 0001:00024540       AdjustColor
 0001:00030D24       AdjustColors
 0001:00067DB8       AdjustDialog
 0001:0000821C       AdjustLineBreaks
 0001:00054B50       Adjustment
 0001:000837B8       AdjustName
 0001:000066D4       AdjustWindowRectEx
 0002:00000EF4       Alignments
 0002:00000C5C       Alignments
 0002:00000A0C       Alignments
 0002:00000F04       Alignments
 0002:00000C9C       Alignments
 0001:0005BA94       AlignWork
 0001:00040B74       AlignWork
 0001:0002063C       AllocateHWnd
 0001:00006154       AllocConsole
 0001:0002D418       AllocFilterStr
 0001:00007EC0       AllocMem
 0002:000025B4       AllocMemCount
 0002:000025B8       AllocMemSize
 0001:0002969C       AllocPatternBitmap
 0001:00005EC0       AllocTlsBuffer
 0002:00000CE0       AnchorAlign
 0002:00000CD4       AnimateWindowProc
 0002:00000DDC       AnimationStyle
 0001:00008124       AnsiCompareStr
 0001:0000815C       AnsiCompareText
 0001:000089BC       AnsiLastChar
 0001:000066DC       AnsiLower
 0001:000080F0       AnsiLowerCase
 0001:0000CEC8       AnsiLowerCaseFileName
 0001:0000CE8C       AnsiPos
 0001:00052334       AnsiSameCaption
 0001:00008194       AnsiSameText
 0001:000081AC       AnsiStrLIComp
 0001:0000CF54       AnsiStrPos
 0001:0000D014       AnsiStrRScan
 0001:0000D05C       AnsiStrScan
 0001:00005C5C       AnsiToUtf8
 0001:000080BC       AnsiUpperCase
 0001:00013B54       AnyToIntf
 0001:0000A400       AppendChars
 0001:0000A7CC       AppendFormat
 0001:0000A464       AppendNumber
 0001:0000A444       AppendString
 0001:0006B8A4       AppendToLogFile
 0002:00002BE4       Application
 0002:00000578       ApplicationHandleException
 0002:00000580       ApplicationShowException
 0002:00001030       AppVisible
 0001:0007DCAC       ArrayVarDim1
 0001:0007DD94       ArrayVarDim2
 0001:0007DF20       ArrayVarDim3
 0001:000658E0       ASMAssigned
 0001:0000C498       AssertErrorHandler
 0002:00002024       AssertErrorProc
 0001:00015BAC       AssignLongStr
 0001:00015F50       AssignVariant
 0002:0000260C       avail
 0001:00008C5C       BackfillGetDiskFreeSpaceEx
 0001:0003E09C       BackgroundClipped
 0001:0000E644       BackupVarBoolFromStr
 0001:0000E7A4       BackupVarBStrFromBool
 0001:0000E6C4       BackupVarBStrFromCy
 0001:0000E734       BackupVarBStrFromDate
 0001:0000E5D8       BackupVarCyFromStr
 0001:0000E56C       BackupVarDateFromStr
 0001:0000E428       BackupVarI4FromStr
 0001:0000E3D4       BackupVariantChangeTypeEx
 0001:0000E494       BackupVarR4FromStr
 0001:0000E500       BackupVarR8FromStr
 0001:00069704       Base64Encode
 0001:000698D8       Base64EncodeFromString
 0002:0000043C       BaseTypeMap
 0001:0000CA94       Beep
 0001:000189B8       BeginGlobalLoading
 0001:000066E4       BeginPaint
 0001:00003B04       BeginThread
 0001:0002454C       BetterSize
 0001:0004E940       BiDiDraw
 0001:000064AC       BitBlt
 0002:00000B90       BitBtnCaptions
 0002:00002AC4       BitBtnGlyphs
 0002:000008A0       BitmapCanvasList
 0002:000028B0       BitmapImageLock
 0001:0000E410       BiUnimplemented
 0002:000005BC       BlockCode
 0002:000025E4       blockDescBlockList
 0002:000025E8       blockDescFreeList
 0002:0000055C       BooleanIdents
 0002:00000438       BooleanToStringRule
 0001:000087DC       BoolToStr
 0001:00012C68       BoolToWStrViaOS
 0002:00000C54       BorderStyles
 0002:00000A04       BorderStyles
 0001:00006004       Bounds
 0001:00017978       Bounds
 0002:00000E9C       Breaks
 0002:000028E8       BrushManager
 0001:00051114       BuildImage
 0002:000009AC       ButtonCaptions
 0002:00000980       ButtonNames
 0001:0003212C       Buttons
 0002:00000F18       Buttons
 0002:00000CCC       ButtonStyles
 0002:00002A7C       ButtonWidths
 0001:00023D18       BytesPerScanline
 0001:0002407C       ByteSwapColors
 0001:0000CB78       ByteToCharIndex
 0001:0000CB50       ByteToCharLen
 0001:0000CB14       ByteType
 0001:0000CA9C       ByteTypeTest
 0002:00001268       C1
 0002:0000126C       C2
 0002:00001270       C3
 0002:00002BCC       CachedComCtrlVer
 0001:0006EF2C       CalcAddr
 0001:00020578       CalcJmpOffset
 0001:000487F0       CalcSplitterPos
 0001:0006B924       CallExceptionActionNotify_atSavedLogFile
 0001:0006B910       CallExceptionActionNotify_atSavingLogFile
 0001:0006A498       CallExceptionActionNotify_atSendingEmail
 0001:0006A4AC       CallExceptionActionNotify_atSentEmail
 0001:0006BD34       CallExceptionActionNotify_atShowedExceptionInfo
 0001:0006BD20       CallExceptionActionNotify_atShowingExceptionInfo
 0001:00068E04       CallExceptionActionNotify_atTerminating
 0001:0006BD0C       CallExceptionNotify
 0001:000066EC       CallNextHookEx
 0001:0000D868       CallTerminateProcs
 0001:000066F4       CallWindowProc
 0001:0006BD48       CallWriteIntraWebText
 0001:0006E204       Call_HookedExceptionObject
 0001:0006E110       Call_HookedRaise
 0001:0003C540       CancelDrag
 0001:00066670       CanExit
 0001:0006A094       CanSendLogFile
 0002:000028EC       CanvasList
 0002:00002B94       CanvasList
 0002:00002D9C       CaptionFontName
 0002:00000958       Captions
 0002:00000D98       CaptureControl
 0002:00000E3C       cBooleanToItemAutoFlag
 0002:0000046C       CBooleanToRelationship
 0001:0002CD28       CenterWindow
 0002:00002AB2       CF_COMPONENT
 0002:00002AB0       CF_PICTURE
 0002:00002CE0       CGIHandleException
 0002:00002CA8       CGIOutputFile
 0002:00002818       ChangeAnyProc
 0001:0003AAC0       ChangeBiDiModeAlignment
 0001:00008A44       ChangeFileExt
 0002:00000C7C       CharCases
 0001:00003C70       CharFromWChar
 0001:0000CD5C       CharLength
 0001:000066FC       CharLowerBuff
 0001:00000284       CharNext
 0001:00006704       CharNext
 0001:00022610       CharsetToIdent
 0001:0000CC64       CharToByteIndex
 0001:0000CCC8       CharToByteLen
 0001:0000670C       CharToOemA
 0001:00006714       CharUpperBuff
 0001:00024B30       CheckBool
 0001:00064A4C       CheckForResult
 0001:0005FE3C       CheckIntoIDE
 0001:0000308C       CheckJmp
 0001:0000671C       CheckMenuItem
 0001:00080698       CheckName
 0001:0006BC78       CheckPercent
 0002:00000E8C       Checks
 0001:0001CA0C       CheckSubComponents
 0001:0001EDFC       CheckSynchronize
 0001:0005458C       CheckTaskWindow
 0001:0006A6EC       CheckToSendLastEmail
 0001:00014034       CheckType
 0001:0003C1F4       CheckUndock
 0001:00083650       CheckVarName
 0001:0000C988       CheckWin32Version
 0002:00000454       CInvalidCustomVariantType
 0002:00000E40       cItemAutoFlagToBoolean
 0002:00000E38       cItemAutoFlagToMenu
 0001:000207C8       Classes
 0001:00018424       ClassNotFound
 0002:00002814       ClearAnyProc
 0001:00021E90       ClearColor
 0001:000637DC       ClearInternalError
 0001:00015100       ClearVariantTypeList
 0001:00006724       ClientToScreen
 0001:00045DD8       ClientToWindow
 0002:00000898       ClipboardFormats
 0001:00031FCC       Clipbrd
 0001:0000672C       CloseClipboard
 0001:00000224       CloseHandle
 0001:0000615C       CloseHandle
 0001:00061B3C       closesocket
 0002:00002984       CloseThemeData
 0002:00002CE8       CLXHandleException
 0002:00002040       CmdLine
 0002:0000203C       CmdShow
 0002:00000E34       cMenuAutoFlagToItem
 0002:00000478       CmpTypeMap
 0001:0000E41C       CmpUnimplemented
 0002:00001214       Code64
 0002:00002F84       CodeMemPages
 0002:00000618       Colors
 0001:00022408       ColorToIdent
 0002:00000A18       ColorToPretyName
 0001:000223F8       ColorToRGB
 0002:00002F58       ColWidths
 0002:00002B1C       ComCtlVersion
 0001:00032B90       ComCtrls
 0002:00002BE0       CommandPool
 0001:00029C90       CommCtrl
 0001:0002C548       CommDlg
 0001:0000080C       Commit
 0002:00002628       committedRoot
 0001:00065AEC       CompareEurekaFunctions
 0001:0004D090       CompareFront
 0001:00008024       CompareMem
 0001:00007FF4       CompareStr
 0001:00006164       CompareString
 0001:00008044       CompareText
 0001:00008704       CompareWith
 0001:00064814       CompiledWithPackages
 0001:0006B82C       CompleteStr
 0001:0001CAEC       ComponentCreated
 0001:000248F0       ComputeAldusChecksum
 0001:0006A7EC       ComputerName
 0001:00031F88       ComStrs
 0001:00061B44       connect
 0001:00020B1C       Consts
 0001:00029B9C       Contnrs
 0002:00002B52       ControlAtom
 0002:00002B58       ControlAtomString
 0001:00059338       ControlHasHelp
 0001:00049470       Controls
 0001:0000BEC0       ConvertAddr
 0001:00064828       ConvertAddress
 0001:0006119C       ConvertAddress
 0001:0000A558       ConvertEraString
 0001:00007E84       ConvertError
 0001:00007E9C       ConvertErrorFmt
 0001:0000A6C4       ConvertYearString
 0001:00004E94       CopyArray
 0001:00026CCC       CopyBitmap
 0001:00027394       CopyBitmapAsMask
 0001:000064B4       CopyEnhMetaFile
 0001:00027330       CopyPalette
 0001:00006734       CopyRect
 0002:00000BF0       Copyright
 0001:000501C0       CopyToBest
 0001:0000CBD4       CountChars
 0002:000028C8       CounterLock
 0002:00000458       CRangeToType
 0001:0000C3DC       CreateAssertException
 0001:0000C564       CreateAVObject
 0001:000064BC       CreateBitmap
 0001:000064C4       CreateBrushIndirect
 0001:000064CC       CreateCompatibleBitmap
 0001:000064D4       CreateCompatibleDC
 0001:0001CB6C       CreateComponent
 0001:00006DB0       CreateDialog
 0001:0000673C       CreateDialogParam
 0001:000064E4       CreateDIBitmap
 0001:000064DC       CreateDIBSection
 0001:0000616C       CreateEvent
 0001:00006174       CreateFile
 0001:0000022C       CreateFileA
 0001:0000617C       CreateFileMapping
 0001:000064EC       CreateFont
 0001:000064F4       CreateFontIndirect
 0001:000064FC       CreateHalftonePalette
 0001:00006744       CreateIcon
 0001:0000C308       CreateInOutError
 0001:0000674C       CreateMenu
 0001:0002E130       CreateMessageDialog
 0001:00006504       CreatePalette
 0001:0000650C       CreatePenIndirect
 0001:00006754       CreatePopupMenu
 0001:00006184       CreateProcess
 0001:00063060       CreateSafeCallItem
 0001:00006514       CreateSolidBrush
 0001:000240D4       CreateSystemPalette
 0001:0000618C       CreateThread
 0001:0000028C       CreateThread
 0001:00006D58       CreateWindow
 0001:00006D00       CreateWindowEx
 0002:00000CD8       CreationControl
 0002:000008F4       CreationControl
 0002:00000548       CRelationshipToBoolean
 0002:0000041C       CResult
 0002:0000013C       cSimpleBoolStrs
 0002:000004F4       CText
 0002:00000DD4       Ctl3DStyles
 0002:00002620       curAlloc
 0001:000142C8       CurrCompare
 0002:0000268C       CurrencyDecimals
 0002:00002688       CurrencyFormat
 0002:00002684       CurrencyString
 0001:0006F670       CurrentEurekaLogOptions
 0002:00002D00       CurrentGeneralErrorText
 0002:00002CA0       CurrentOptions
 0002:00002C80       CurrentStackList
 0001:0000A3EC       CurrentYear
 0001:00009E60       CurrToStr
 0001:00012BF8       CurrToWStrViaOS
 0002:00000FB4       CursorMap
 0002:00000CE8       Cursors
 0001:0003ADE0       CursorToIdent
 0002:00000FA4       cUseAlpha
 0002:00000FAC       cUseColorKey
 0002:00000314       CVarTypeToElementInfo
 0001:00008428       CvtInt
 0001:00008494       CvtInt64
 0002:0000017C       CWNear
 0001:0003232C       DataTypeToRegData
 0001:000142A0       DateCompare
 0002:0000268D       DateSeparator
 0001:0000B000       DateTimeToStr
 0001:0000AFA4       DateTimeToString
 0001:00009F78       DateTimeToTimeStamp
 0001:00012C30       DateToWStrViaOS
 0001:0000A374       DayOfWeek
 0002:00000178       DCon10
 0002:00000614       DDBsOnly
 0001:000206F0       DeallocateHWnd
 0002:00000028       DebugHook
 0002:0000268B       DecimalSeparator
 0001:0000A354       DecodeDate
 0001:0000A204       DecodeDateFully
 0001:0000A06C       DecodeTime
 0001:000008CC       Decommit
 0001:00000FF8       DecommitFree
 0002:000025FC       decommittedRoot
 0001:0005C6D0       Default
 0001:00056FB8       Default
 0002:00000020       Default8087CW
 0002:00000CDC       DefaultDockTreeClass
 0002:00000034       DefaultTextLineBreakStyle
 0002:000025C0       DefaultUserCodePage
 0002:00000868       DefBrushData
 0002:000005E8       DefFontData
 0001:0000675C       DefFrameProc
 0001:0007C600       Define
 0001:0007C6AC       DefineSyntaxError
 0002:00000208       DefLongDayNames
 0002:000001BC       DefLongMonthNames
 0001:00006764       DefMDIChildProc
 0002:00000848       DefPenData
 0002:000001EC       DefShortDayNames
 0002:0000018C       DefShortMonthNames
 0001:0000676C       DefWindowProc
 0001:0000510C       DelayLoadResourceModule
 0001:000004E8       DeleteBlock
 0001:00006194       DeleteCriticalSection
 0001:000003F8       DeleteCriticalSection
 0001:0000651C       DeleteDC
 0001:00006524       DeleteEnhMetaFile
 0001:00000DE0       DeleteFree
 0001:00006774       DeleteMenu
 0001:0000652C       DeleteObject
 0001:00026888       DeselectBitmap
 0001:0000677C       DestroyCursor
 0001:00006784       DestroyIcon
 0001:0003205C       DestroyLocals
 0001:0000678C       DestroyMenu
 0001:00006794       DestroyWindow
 0002:00002F70       DetailsActive
 0001:00066BEC       DetailsState
 0001:0000679C       DialogBoxParam
 0001:00038654       DialogEnumerationTester
 0001:0002CDDC       DialogHook
 0001:0002EC9C       Dialogs
 0002:000008A4       DIBPalSizes
 0002:00000090       dig
 0001:000543C8       DisableTaskWindows
 0001:000067A4       DispatchMessage
 0001:0005A618       DispatchShortCut
 0002:00002000       DispCallByIDProc
 0001:00007E68       DivMod
 0001:0002C580       Dlgs
 0002:00002C3C       DllList
 0001:0005B948       DoAlign
 0001:00040A04       DoAlign
 0001:00044AB8       DoCalcConstraints
 0002:00002B88       DockSiteList
 0001:00050DE0       DoClick
 0001:00042148       DoControlMsg
 0001:00054378       DoDisableWindow
 0001:0003BB20       DoDragOver
 0001:00007EE0       DoExitProc
 0001:00046AC4       DoFindControlZone
 0001:000544CC       DoFindWindow
 0001:00047050       DoFindZone
 0001:00046B48       DoForEach
 0001:00048454       DoGetNextLimit
 0001:00070D00       Done
 0001:000619A8       Done
 0001:00060FA4       Done
 0001:00054340       DoneApplication
 0001:0006FFB0       DoneCheckFreeze
 0001:000491B4       DoneControls
 0001:0000C898       DoneExceptions
 0001:00058994       DoNestedActivation
 0001:0001ED98       DoneThreadSynchronization
 0001:0005D9EC       DoOnHelp
 0001:000405C4       DoPosition
 0001:0005B798       DoPosition
 0001:00047A7C       DoPrune
 0001:000301E4       DoRect
 0001:00047F54       DoSaveZone
 0001:00048158       DoSetNewBounds
 0002:00000564       DotSep
 0001:0001A040       DoWrite
 0001:000259A4       DoWrite
 0001:0004B6F0       DoWrite
 0001:00024D88       DoWrite
 0001:00041730       DoWriteDesignSize
 0001:0003F19C       DoWriteIsControl
 0002:00002B6C       DragCapture
 0002:00002B60       DragControl
 0001:0003C268       DragDone
 0001:0003BAD0       DragFindTarget
 0001:0003BAA4       DragFindWindow
 0002:00002B84       DragImageList
 0001:0003BEC0       DragInit
 0001:0003C030       DragInitControl
 0002:00002B68       DragInternalObject
 0001:0003B9EC       DragMessage
 0002:00002B64       DragObject
 0002:00002B90       DragSave
 0002:00002B78       DragSaveCursor
 0002:00002B70       DragStartPos
 0002:00002B7C       DragThreshold
 0001:0003BBF0       DragTo
 0001:0005C70C       DrawAppIcon
 0001:00067CC0       DrawBmp
 0001:000475E8       DrawCloseButton
 0001:000067AC       DrawEdge
 0001:000067B4       DrawFrameControl
 0001:00047640       DrawGrabberLine
 0001:000067BC       DrawIcon
 0001:000067C4       DrawIconEx
 0002:00000E10       DrawingStyles
 0001:000067CC       DrawMenuBar
 0001:00052150       DrawMenuItem
 0001:000067D4       DrawText
 0002:00002988       DrawThemeBackground
 0002:000029AC       DrawThemeEdge
 0002:000029B0       DrawThemeIcon
 0002:00002A34       DrawThemeParentBackground
 0002:0000298C       DrawThemeText
 0001:00074DAC       DropLine
 0001:00023B98       DupBits
 0001:0000619C       DuplicateHandle
 0001:00004EAC       DynArrayClear
 0001:00004EB4       DynArraySetLength
 0001:0005F5D4       EConsts
 0001:00060FFC       ECore
 0002:00000EFC       EdgeStyle
 0002:00000DC4       EdgeStyles
 0001:0000C2DC       EHeapException.FreeInstance
 0001:00061A68       EHook
 0001:00061B34       ELang
 0002:00000C98       Empty
 0001:000067DC       EmptyClipboard
 0001:0001412C       EmptyCompare
 0002:00002800       EmptyParam
 0002:000000C0       EmptyStr
 0002:000000C4       EmptyWideStr
 0002:0000103C       EMsgs
 0001:000067E4       EnableMenuItem
 0002:00000E94       Enables
 0001:000067EC       EnableScrollBar
 0001:0005447C       EnableTaskWindows
 0002:00002A1C       EnableThemeDialogTexture
 0002:00002A38       EnableTheming
 0001:000067F4       EnableWindow
 0001:0000A1D4       EncodeDate
 0001:0000A02C       EncodeTime
 0001:000067FC       EndDialog
 0001:00018A40       EndGlobalLoading
 0001:00006804       EndPaint
 0001:00003B48       EndThread
 0001:000003E8       EnterCriticalSection
 0001:000061A4       EnterCriticalSection
 0001:000061AC       EnumCalendarInfoA
 0002:0000291C       EnumDisplayMonitors
 0001:0000BB34       EnumEraNames
 0001:0000BB70       EnumEraYearOffsets
 0001:0005757C       EnumMonitorsProc
 0001:000061B4       EnumSystemLocales
 0001:0000680C       EnumThreadWindows
 0001:0001C31C       EnumValue
 0001:00006814       EnumWindows
 0001:00066618       EnumWindowsProc
 0001:0000681C       EqualRect
 0002:00002754       EraNames
 0001:0000B28C       EraToYear
 0002:00002770       EraYearOffsets
 0002:00000068       errCaption
 0001:00017FC8       Error
 0001:0001BB00       Error
 0001:0004CDE0       Error
 0001:00001C38       Error
 0001:000690A0       Error
 0002:00000004       ErrorAddr
 0001:00001BEC       ErrorAt
 0001:0000C388       ErrorHandler
 0002:00000224       ErrorMap
 0002:00002008       ErrorProc
 0002:000023E8       ErrOutput
 0002:000011BC       EShowOptions
 0001:000627A0       ESockets
 0001:0005EAC0       ETypes
 0002:00001038       EurekaLogCurrentVersion
 0002:00001108       EVals
 0001:00001B78       ExceptAddr
 0002:0000200C       ExceptClsProc
 0001:0000C804       ExceptHandler
 0001:0000C150       Exception.Create
 0001:0000C18C       Exception.CreateFmt
 0001:0000C20C       Exception.CreateRes
 0001:0000C248       Exception.CreateResFmt
 0002:00002C50       ExceptionActionNotify
 0002:0000201C       ExceptionClass
 0001:0000BECC       ExceptionErrorMessage
 0001:00070E08       ExceptionLog
 0001:0006F740       ExceptionManager
 0002:00002C4C       ExceptionNotify
 0002:00002CB0       ExceptionNumber
 0001:0006487C       ExceptionTypeByAddr
 0002:0000025C       ExceptMap
 0001:0006DD14       ExceptNotify
 0001:00001B58       ExceptObject
 0002:00002010       ExceptObjProc
 0002:00002004       ExceptProc
 0001:00006534       ExcludeClipRect
 0002:00000000       ExitCode
 0001:000038F8       ExitDll
 0002:00002048       ExitProc
 0001:000061BC       ExitProcess
 0001:0000029C       ExitProcess
 0002:00002028       ExitProcessProc
 0002:00000138       ExitProcList
 0001:00000294       ExitThread
 0001:000061C4       ExitThread
 0001:000061CC       ExpandEnvironmentStrings
 0001:00008C20       ExpandFileName
 0001:00068F70       ExpandPath
 0001:0002D0B4       ExplorerHook
 0001:00065B50       ExportedFunctions
 0001:000329D8       ExtActns
 0001:00031F28       ExtCtrls
 0001:00032184       ExtDlgs
 0001:00068FA4       ExtractAddresses
 0001:0007E900       ExtractDate
 0001:0006F13C       ExtractExceptionData
 0001:00008B0C       ExtractFileDrive
 0001:00008BD8       ExtractFileExt
 0001:00008BA0       ExtractFileName
 0001:0002D72C       ExtractFileName
 0001:0002D774       ExtractFileNames
 0001:00008AD8       ExtractFilePath
 0001:00065298       ExtractStr
 0002:00002D88       fActive
 0002:00001210       fActivePage
 0002:00002790       FalseBoolStrs
 0002:00002FA0       FArr
 0002:00002F18       fBmp
 0002:00002D8C       fCaptionFont
 0002:00002AB8       FClipboard
 0002:0000016C       FCon1E18
 0002:00002D80       fDlgBack
 0002:00002D94       fFixedFont
 0001:00008944       FileAge
 0001:0000893C       FileClose
 0001:000088A4       FileCreate
 0001:00008880       FileCreate
 0001:000089AC       FileExists
 0002:0000089C       FileFormats
 0002:00000008       FileMode
 0001:00002114       FileNOPProc
 0001:00008828       FileOpen
 0001:000088AC       FileRead
 0002:00000590       FilerSignature
 0001:00008904       FileSeek
 0001:000061D4       FileTimeToDosDateTime
 0001:000061DC       FileTimeToLocalFileTime
 0001:000088D8       FileWrite
 0001:00000F18       FillAfterGap
 0001:00000EB8       FillBeforeGap
 0001:00000FB8       FillerSizeAfterGap
 0001:00000F40       FillerSizeBeforeGap
 0001:00006824       FillRect
 0002:00002F14       fImageList
 0001:00031F90       Finalization
 0001:00037C48       Finalization
 0001:000320F4       Finalization
 0001:0002C518       Finalization
 0001:0004A738       Finalization
 0001:000296D4       Finalization
 0001:000388CC       Finalization
 0001:000298B4       Finalization
 0001:00029B6C       Finalization
 0001:00029C60       Finalization
 0001:0005EA90       Finalization
 0001:00020718       Finalization
 0001:0002C4D0       Finalization
 0001:0005F564       Finalization
 0001:0002C464       Finalization
 0001:00085C10       Finalization
 0001:00006EC0       Finalization
 0001:000160E4       Finalization
 0001:00005D78       Finalization
 0001:0002EC40       Finalization
 0001:0002C42C       Finalization
 0001:0002C3F4       Finalization
 0001:0002C3BC       Finalization
 0001:00020AEC       Finalization
 0001:0005E9F0       Finalization
 0001:0002C384       Finalization
 0001:00085BC8       Finalization
 0001:000321A4       Finalization
 0001:0002A3E0       Finalization
 0001:00031EE0       Finalization
 0001:0002A420       Finalization
 0001:0002C34C       Finalization
 0001:0002C2DC       Finalization
 0001:0001555C       Finalization
 0001:0002B408       Finalization
 0001:0000E1B4       Finalization
 0001:00006EF8       Finalization
 0001:00062770       Finalization
 0001:00015798       Finalization
 0001:0002B7AC       Finalization
 0001:0002B450       Finalization
 0001:00061BA4       Finalization
 0001:00084D0C       Finalization
 0001:00005FA8       Finalization
 0001:00070D6C       Finalization
 0001:0008486C       Finalization
 0001:00061B04       Finalization
 0001:00031F58       Finalization
 0001:0002B488       Finalization
 0001:0004BE40       Finalization
 0001:00071434       Finalization
 0001:000711E8       Finalization
 0001:00032024       Finalization
 0001:00007230       Finalization
 0001:0002B958       Finalization
 0001:00006020       Finalization
 0001:0001608C       Finalization
 0001:00049408       Finalization
 0001:00060FBC       Finalization
 0001:000328CC       Finalization
 0001:00052430       Finalization
 0001:00032930       Finalization
 0001:00037AE0       Finalization
 0001:00033558       Finalization
 0001:00032B18       Finalization
 0001:00032154       Finalization
 0001:000329E0       Finalization
 0001:00061A30       Finalization
 0001:0002C550       Finalization
 0001:00032988       Finalization
 0001:0000EB80       Finalization
 0001:00004EA4       FinalizeArray
 0001:0000370C       FinalizeUnits
 0001:00050BA0       Find
 0001:0000519C       FindBS
 0001:000184E4       FindClass
 0001:00005104       FindClassHInstance
 0001:000061E4       FindClose
 0001:000002AC       FindClose
 0001:000615A4       FindCode
 0001:00000E74       FindCommitted
 0001:0003ABC0       FindControl
 0001:0004727C       FindControlAtPos
 0001:0001545C       FindCustomVariantType
 0001:000153A4       FindCustomVariantType
 0001:0003C58C       FindDragTarget
 0001:0006BBF0       FindException
 0001:0001CD1C       FindExistingComponent
 0001:000061EC       FindFirstFile
 0001:000002B4       FindFirstFile
 0001:0006565C       FindFunction
 0001:000545D8       FindGlobalComponent
 0001:000188D0       FindGlobalComponent
 0002:00002864       FindGlobalComponentProcs
 0001:000050DC       FindHInstance
 0001:00018778       FindIdentToInt
 0001:00063AE8       FindModuleType
 0002:00002A78       FindMsg
 0001:0001BEAC       FindNestedComponent
 0001:00080A3C       FindParentClass
 0001:0004CDA8       FindPopupControl
 0001:0000E848       FindProc
 0001:000061F4       FindResource
 0001:00005154       FindResourceHInstance
 0001:0005E220       FindScanline
 0001:00054530       FindTopMostWindow
 0001:000843B4       FindType
 0001:0001DC00       FindUniqueName
 0001:00014C6C       FindVarData
 0001:0003C558       FindVCLWindow
 0001:0000682C       FindWindow
 0001:000386AC       FindWinHelp
 0002:00002DA0       FixedFontName
 0002:00002D98       FixedFontSize
 0001:00026C80       FixupBitFields
 0002:00000F0C       Flags
 0002:000027A0       FLanguages
 0001:0002B7DC       FlatSB
 0002:00002948       FlatSB_EnableScrollBar
 0002:00002954       FlatSB_GetScrollInfo
 0002:00002958       FlatSB_GetScrollPos
 0002:00002950       FlatSB_GetScrollRange
 0002:00002960       FlatSB_SetScrollInfo
 0002:0000295C       FlatSB_SetScrollPos
 0001:0002B4CC       FlatSB_SetScrollProp
 0002:00002964       FlatSB_SetScrollRange
 0002:0000294C       FlatSB_ShowScrollBar
 0001:00009AF0       FloatToDecimal
 0001:00009E30       FloatToStr
 0001:00009528       FloatToText
 0001:000097FC       FloatToTextFmt
 0001:00002378       Flush
 0001:000061FC       FlushInstructionCache
 0002:00002D84       fMemoBack
 0002:00002EF8       fMonitor
 0002:00002EFC       fMonitorInfo
 0002:00000180       FMSecsPerDay
 0001:0000941C       FmtStr
 0002:00000F28       FocusCount
 0002:00000F24       FocusMessages
 0002:000007B8       FontCharsets
 0002:000028E0       FontManager
 0002:000008F0       ForceCurrentDirectory
 0001:0005FCF0       ForceSaveLog
 0001:000545AC       ForegroundTask
 0002:00002F98       Form1
 0001:00009408       Format
 0002:00000188       Format
 0001:00008FF8       FormatBuf
 0001:00008FEC       FormatClearStr
 0001:0000B014       FormatDateTime
 0001:0006AFE0       FormatDateTimeEx
 0001:00008F70       FormatError
 0002:00000164       FormatErrorStrs
 0001:00009E90       FormatFloat
 0001:00006204       FormatMessage
 0001:00008FC8       FormatVarToStr
 0001:0005EA4C       Forms
 0001:000027A4       FPower10
 0002:000008EC       FPrinter
 0001:000302A8       Frame3D
 0001:00006834       FrameRect
 0001:0000DD94       FreeAndNil
 0001:000713F4       FreeCallBacks
 0001:00000B74       FreeCommitted
 0001:0000620C       FreeConsole
 0001:000011AC       FreeCurAlloc
 0001:0003C64C       FreeDeviceContext
 0001:0003C708       FreeDeviceContexts
 0001:000204E4       FreeIntConstList
 0001:000002BC       FreeLibrary
 0001:00006214       FreeLibrary
 0001:000267DC       FreeMemoryContexts
 0001:00020618       FreeObjectInstance
 0001:00006234       FreeResource
 0001:000630AC       FreeSafeCallItem
 0001:00000744       FreeSpace
 0001:0008208C       FreeSubtypeInst
 0001:0000D894       FreeTerminateProcs
 0001:0002B990       FreeThemeLibrary
 0002:00002D0C       FreezeThread
 0002:00002B18       FRichEditModule
 0002:00002F9C       FTestArr
 0001:00064950       FunctionSize
 0002:00002D90       fVariableFont
 0001:00023B88       GDICheck
 0001:00023AE0       GDIError
 0001:0006E0C0       GeneralRaise
 0001:00002020       Get8087CW
 0001:0000623C       GetACP
 0001:0006A944       GetActiveControlClass
 0001:0006A970       GetActiveControlText
 0001:0006A83C       GetActiveFormClass
 0001:0006A89C       GetActiveFormText
 0001:0000683C       GetActiveWindow
 0001:0005BE24       GetAnimation
 0001:0006B5D0       GetApplicationDescription
 0001:0006B784       GetApplicationName
 0001:0002DA8C       GetAveCharSize
 0001:0000653C       GetBitmapBits
 0001:00000400       GetBlockDesc
 0001:00006544       GetBrushOrgEx
 0001:00006CC0       GetBValue
 0001:000712E0       GetCallBack
 0001:0006622C       GetCallStackByAddresses
 0001:00006844       GetCapture
 0001:0003AE88       GetCaptureControl
 0001:00018490       GetClass
 0001:0000684C       GetClassInfo
 0001:00006854       GetClassName
 0001:0000685C       GetClientRect
 0001:00006864       GetClipboardData
 0001:00025550       GetClipboardFormats
 0001:0000654C       GetClipBox
 0001:0000039C       GetCmdShow
 0001:00071220       GetCodeMem
 0001:0004A908       GetColor
 0001:00032AB8       GetComCtlVersion
 0001:000002C4       GetCommandLine
 0001:0000624C       GetCommandLine
 0001:00000988       GetCommitted
 0001:00000A30       GetCommittedAt
 0001:00006254       GetComputerName
 0001:00041CFC       GetControlAtPos
 0001:0006DA10       GetControlClass
 0001:0006DA54       GetControlText
 0001:0000A4B0       GetCount
 0001:00006244       GetCPInfo
 0001:00008CDC       GetCurrentDir
 0001:000002CC       GetCurrentDirectory
 0001:00006554       GetCurrentPositionEx
 0001:0000625C       GetCurrentProcess
 0001:00006264       GetCurrentProcessId
 0001:0006F738       GetCurrentStackPointer
 0002:00002A2C       GetCurrentThemeName
 0001:0000626C       GetCurrentThread
 0001:0000038C       GetCurrentThreadId
 0001:00006274       GetCurrentThreadId
 0001:00006C44       GetCurrentTime
 0001:0006394C       GetCurrentTopOfStack
 0001:0000686C       GetCursor
 0001:0005E230       GetCursorHeightMargin
 0001:00006874       GetCursorPos
 0001:0000A4E0       GetDate
 0001:0000627C       GetDateFormat
 0001:0000B1A4       GetDateOrder
 0001:0007B8C4       GetDateTimeTypes
 0001:0000687C       GetDC
 0001:00006884       GetDCEx
 0001:0000655C       GetDCOrgEx
 0001:00065720       GetDebugInfosByAddr
 0001:00065444       GetDebugPartialInfos
 0001:000292DC       GetDefFontCharSet
 0001:00019680       GetDesigner
 0001:0000688C       GetDesktopWindow
 0001:00006574       GetDeviceCaps
 0001:00067D94       GetDialogState
 0001:00024B18       GetDIB
 0001:00006564       GetDIBColorTable
 0001:0000656C       GetDIBits
 0001:00024A60       GetDIBSizes
 0001:00023CF8       GetDInColors
 0001:00006284       GetDiskFreeSpaceA
 0002:00000134       GetDiskFreeSpaceEx
 0001:0006B34C       GetDiskInfo
 0001:00006894       GetDlgItem
 0001:00048534       GetDockAlign
 0001:0003B830       GetDockSiteAtPos
 0001:0003BB5C       GetDropCtl
 0001:00002E34       GetDynaMethod
 0001:000658D8       GetEF
 0001:0000657C       GetEnhMetaFileBits
 0001:00006584       GetEnhMetaFileHeader
 0001:0000658C       GetEnhMetaFilePaletteEntries
 0001:00015808       GetEnumName
 0001:000158E0       GetEnumNameValue
 0001:0001592C       GetEnumValue
 0001:0000628C       GetEnvironmentVariable
 0001:0000BBE8       GetEraNamesAndYearOffsets
 0001:0000B238       GetEraYearOffset
 0001:0006B080       GetExceptionAddress
 0001:0000C54C       GetExceptionClass
 0001:0006B050       GetExceptionDate
 0001:0006B188       GetExceptionMessage
 0001:0006B0C8       GetExceptionModule
 0001:0000C738       GetExceptionObject
 0001:0006B130       GetExceptionType
 0001:00006294       GetExitCodeThread
 0001:00018418       GetFieldClassTable
 0001:00025530       GetFileFormats
 0001:0000023C       GetFileSize
 0001:00000234       GetFileType
 0001:0000C9A8       GetFileVersion
 0001:00006494       GetFileVersionInfo
 0001:0000649C       GetFileVersionInfoSize
 0001:0000689C       GetFocus
 0001:00022630       GetFontData
 0001:000068A4       GetForegroundWindow
 0001:0000D308       GetFormatSettings
 0001:0006B43C       GetFreeDisk
 0001:0006B2A8       GetFreeMemory
 0001:0000629C       GetFullPathName
 0001:00006CBC       GetGValue
 0001:00021B78       GetHashCode
 0001:00059370       GetHelpInfo
 0001:0002A8A0       GetHelpSystem
 0001:0005BC08       GetHint
 0001:0005BC40       GetHintControl
 0001:00061B74       gethostbyname
 0001:00061B7C       gethostname
 0001:000522D0       GetHotkey
 0001:000068AC       GetIconInfo
 0001:00067100       GetItemText
 0001:000068C4       GetKeyboardLayout
 0001:000068CC       GetKeyboardLayoutList
 0001:000068D4       GetKeyboardState
 0001:00002A90       GetKeyboardType
 0001:000068B4       GetKeyNameText
 0001:000068BC       GetKeyState
 0001:0006AF98       GetLanguageString
 0001:000068DC       GetLastActivePopup
 0001:000467FC       GetLastChildZone
 0001:000002D4       GetLastError
 0001:000062A4       GetLastError
 0001:0000B9AC       GetLocaleChar
 0001:0006AE6C       GetLocaleDataA
 0001:0006AE2C       GetLocaleDataW
 0001:000062B4       GetLocaleInfo
 0001:000002DC       GetLocaleInfo
 0001:000062BC       GetLocaleInfoA
 0001:000062C4       GetLocaleInfoW
 0001:0000B960       GetLocaleStr
 0001:000062AC       GetLocalTime
 0001:0003AE44       GetLongHint
 0001:00066650       GetMainWindow
 0001:000068E4       GetMenu
 0001:000592F8       GetMenuHelpContext
 0001:000068EC       GetMenuItemCount
 0001:000068F4       GetMenuItemID
 0001:000068FC       GetMenuItemInfo
 0001:0004F3EC       GetMenuSize
 0001:00006904       GetMenuState
 0001:0000690C       GetMenuString
 0001:000002E4       GetModuleFileName
 0001:000062CC       GetModuleFileName
 0001:000062D4       GetModuleHandle
 0001:000002EC       GetModuleHandle
 0001:00005EA0       GetModuleHandle
 0002:00002910       GetMonitorInfo
 0002:00002914       GetMonitorInfoA
 0002:00002918       GetMonitorInfoW
 0001:0000BA10       GetMonthDayNames
 0001:00006914       GetNextWindow
 0001:00006594       GetObject
 0001:000712B8       GetOfObjectCallBack
 0001:0002C508       GetOpenFileName
 0001:00015A54       GetOrdProp
 0001:0006ADE4       GetOSBuild
 0001:0006AFC0       GetOSLanguage
 0001:0006AB34       GetOSType
 0001:0000659C       GetPaletteEntries
 0001:00001D90       GetParamStr
 0001:0000691C       GetParent
 0001:000547A4       GetParentForm
 0001:000065A4       GetPixel
 0001:000062DC       GetPrivateProfileString
 0001:000002F4       GetProcAddress
 0001:000062E4       GetProcAddress
 0001:00006924       GetProp
 0001:00015990       GetPropInfo
 0001:00015A00       GetPropInfos
 0001:00084574       GetPythonEngine
 0001:00054C64       GetRealScrollPosition
 0001:0004A8E8       GetRGBColor
 0001:00006CB8       GetRValue
 0001:0002C510       GetSaveFileName
 0001:0000692C       GetScrollInfo
 0001:00006934       GetScrollPos
 0001:0000693C       GetScrollRange
 0001:0007EFD0       GetSequenceItem
 0001:0003AE00       GetShortHint
 0001:00064AEC       GetSourceInfoByAddr
 0001:00000668       GetSpace
 0001:000006CC       GetSpaceAt
 0001:0004CE38       GetSpecialName
 0001:0006E7E4       GetStackPointer
 0001:0006B5A4       GetStartDate
 0001:000062EC       GetStartupInfo
 0001:000002FC       GetStartupInfo
 0001:000062F4       GetStdHandle
 0001:00000244       GetStdHandle
 0001:000065AC       GetStockObject
 0001:000062FC       GetStringTypeEx
 0001:0007E818       GetStructMember
 0001:00006944       GetSubMenu
 0001:0006514C       GetSymbolAddr
 0001:0006DF80       GetSynchronizeParams
 0001:0000694C       GetSysColor
 0001:00006954       GetSysColorBrush
 0001:00006304       GetSystemDefaultLangID
 0001:0000630C       GetSystemInfo
 0001:0000695C       GetSystemMenu
 0001:00006964       GetSystemMetrics
 0002:00002900       GetSystemMetrics
 0001:000065B4       GetSystemPaletteEntries
 0001:000065C4       GetTextExtentPoint
 0001:000065BC       GetTextExtentPoint32
 0001:000065CC       GetTextMetrics
 0002:00002A24       GetThemeAppProperties
 0002:00002990       GetThemeBackgroundContentRect
 0002:00002994       GetThemeBackgroundExtent
 0002:000029A4       GetThemeBackgroundRegion
 0002:000029C8       GetThemeBool
 0002:000029BC       GetThemeColor
 0002:00002A30       GetThemeDocumentationProperty
 0002:000029D0       GetThemeEnumValue
 0002:000029F0       GetThemeFilename
 0002:000029D8       GetThemeFont
 0002:000029CC       GetThemeInt
 0002:000029E4       GetThemeIntList
 0002:000029E0       GetThemeMargins
 0002:000029C0       GetThemeMetric
 0002:00002998       GetThemePartSize
 0002:000029D4       GetThemePosition
 0002:000029E8       GetThemePropertyOrigin
 0002:000029DC       GetThemeRect
 0002:000029C4       GetThemeString
 0002:000029FC       GetThemeSysBool
 0002:000029F4       GetThemeSysColor
 0002:000029F8       GetThemeSysColorBrush
 0002:00002A04       GetThemeSysFont
 0002:00002A0C       GetThemeSysInt
 0002:00002A00       GetThemeSysSize
 0002:00002A08       GetThemeSysString
 0002:0000299C       GetThemeTextExtent
 0002:000029A0       GetThemeTextMetrics
 0001:00006314       GetThreadContext
 0001:0000631C       GetThreadLocale
 0001:00000304       GetThreadLocale
 0001:00006324       GetTickCount
 0001:0000A518       GetTime
 0001:0007B828       GetTimeStructType
 0001:00005ECC       GetTlsSize
 0001:0005C3E8       GetTopMostWindows
 0001:0003AF90       GetTopParent
 0001:0000696C       GetTopWindow
 0001:0006B4F0       GetTotalDisk
 0001:0006B204       GetTotalMemory
 0001:0007CB18       GetTypeAsString
 0001:000157FC       GetTypeData
 0001:0007B798       GetVal
 0001:00014CE0       GetVarDataArrayInfo
 0001:00000394       GetVersion
 0001:0000632C       GetVersion
 0001:00006334       GetVersionEx
 0001:0006A99C       GetVersionNumber
 0001:00006974       GetWindow
 0001:0000697C       GetWindowDC
 0001:00006984       GetWindowLong
 0001:000065DC       GetWindowOrgEx
 0001:0000698C       GetWindowPlacement
 0001:00006994       GetWindowRect
 0001:0000699C       GetWindowText
 0002:00002A18       GetWindowTheme
 0001:000069AC       GetWindowThreadProcessId
 0001:000069A4       GetWindowThreadProcessId
 0001:000065D4       GetWinMetaFileBits
 0001:0000633C       GlobalAddAtom
 0001:00006344       GlobalAlloc
 0001:00006C50       GlobalAllocPtr
 0001:0000634C       GlobalDeleteAtom
 0001:00006354       GlobalFindAtom
 0002:00002868       GlobalFixupList
 0001:0001BFF4       GlobalFixupReferences
 0001:0000635C       GlobalFree
 0001:00006C7C       GlobalFreePtr
 0001:0000636C       GlobalHandle
 0001:00006364       GlobalLock
 0001:00006374       GlobalMemoryStatus
 0002:0000284C       GlobalNameSpace
 0001:0000637C       GlobalReAlloc
 0001:00006C60       GlobalReAllocPtr
 0001:00006384       GlobalUnlock
 0002:00002D60       Global_CriticalSection
 0002:00002D78       Global_CurrentEvent
 0002:00002D4C       Global_ExceptionRecord
 0002:00002D48       Global_Execute
 0002:00002D49       Global_Handled
 0002:00002D7C       Global_IntraWebText
 0001:0006DFA0       GoNotify
 0002:00002F8C       gPythonEngine
 0001:000297A8       Graphics
 0001:0001860C       GroupDescendentsWith
 0002:00001308       GUID_NULL
 0002:00002F90       gVarType
 0001:0007009C       HandleAnyExceptionAddr
 0002:00002CB4       HandleAnyExceptionAddr_Variable
 0001:00070150       HandleAutoExceptionAddr
 0002:00002CBC       HandleAutoExceptionAddr_Variable
 0001:0000F71C       HandleConversionException
 0001:00059578       HandleEdge
 0001:0001D458       HandleException
 0001:000700E8       HandleOnExceptionAddr
 0002:00002CB8       HandleOnExceptionAddr_Variable
 0001:00084310       HandleType
 0002:00000024       HeapAllocFlags
 0002:000025C8       heapErrorCode
 0002:000025CC       heapLock
 0001:0002B448       HelpIntfs
 0002:0000293C       HelpManager
 0002:00002A74       HelpMsg
 0002:00002B3C       HelpViewer
 0002:00002B40       HelpViewerIntf
 0002:00000130       HexDisplayPrefix
 0002:00000C88       HideSelections
 0001:000485B0       HideZone
 0002:00002668       HInstance
 0002:00002BF8       HintDoneEvent
 0001:0005BD10       HintGetMsgHook
 0002:00002BFC       HintHook
 0001:0005BCB4       HintMouseThread
 0002:00002C00       HintThread
 0002:00002BF4       HintThreadID
 0001:0005BC60       HintTimerProc
 0002:00000F1C       HintWindowClass
 0002:000029A8       HitTestThemeBackground
 0001:00006C40       HiWord
 0001:00065814       HookBPLProcedure
 0001:0006165C       HookDllProcedure
 0001:0006E578       HookedCreateThread
 0001:0006E284       HookedExceptionObject
 0001:0006E350       HookedExceptProc
 0001:0006E9C4       HookedExitThread
 0001:0006EA30       HookedHttpExtensionProc
 0001:0006E324       HookedInitProc
 0001:0006E1A4       HookedRaise
 0001:0006E7EC       HookedResumeThread
 0001:0006E480       HookedRTLThreadProc
 0001:0006E2A8       HookedSafeCallError
 0001:0006E3C0       HookedThreadProc
 0001:0006F8B0       Hooked_CGIHandleServerException
 0001:0006F9FC       Hooked_GUIHandleException
 0001:0006FCB4       Hooked_IndyThreadHandleException
 0001:0006FA9C       Hooked_IntraWebHandleException
 0001:0006F954       Hooked_ISAPIHandleServerException
 0001:0006FBA0       Hooked_NTServiceLogMessage
 0001:000615EC       HookFunction
 0001:0005BD54       HookHintHooks
 0001:00070884       HookingModuleName
 0001:000708A8       HookingRTLModuleName
 0001:000701CC       HookLastFInit
 0001:000701B0       HookLastInit
 0001:000612A8       HookProcedureEx
 0001:000657A4       HookSymbolProcedure
 0001:000701DC       Hook_InitializationAndFinalization
 0001:00070374       Hook_OnExceptionEvents
 0001:00069954       HostName
 0001:00061B4C       htons
 0001:00006DC8       HwndMSWheel
 0002:00000EB0       IBreaks
 0002:00000EBC       IChecks
 0002:0000096C       IconIDs
 0002:00000EC4       IDefaults
 0001:00022620       IdentToCharset
 0001:00022418       IdentToColor
 0001:0003ADF0       IdentToCursor
 0001:000187F4       IdentToInt
 0002:00000ECC       IEnables
 0001:00062E90       ifelseStr
 0001:00050190       IfHotkeyAvailable
 0001:00062F08       ifStr
 0002:00002BD0       ImageListWriteExProc
 0001:00029BBC       ImageList_Add
 0001:00062A78       ImageList_Add
 0001:00029BDC       ImageList_AddIcon
 0001:00029C00       ImageList_BeginDrag
 0001:00062A70       ImageList_Create
 0001:00029BA4       ImageList_Create
 0001:00029BAC       ImageList_Destroy
 0001:00062A80       ImageList_Destroy
 0001:00029C10       ImageList_DragEnter
 0001:00029C18       ImageList_DragLeave
 0001:00029C20       ImageList_DragMove
 0001:00029C30       ImageList_DragShowNolock
 0001:00029BE8       ImageList_Draw
 0001:00029BF0       ImageList_DrawEx
 0001:00029C08       ImageList_EndDrag
 0001:00029BD4       ImageList_GetBkColor
 0001:00029C38       ImageList_GetDragImage
 0001:00029C50       ImageList_GetIconSize
 0001:00029BB4       ImageList_GetImageCount
 0001:00029C40       ImageList_Read
 0001:00029BF8       ImageList_Remove
 0001:00029BC4       ImageList_ReplaceIcon
 0001:00029BCC       ImageList_SetBkColor
 0001:00029C28       ImageList_SetDragCursorImage
 0001:00029C58       ImageList_SetIconSize
 0001:00029C48       ImageList_Write
 0002:00000E20       Images
 0001:0004BE70       ImgList
 0001:0002A450       Imm
 0002:00000E04       IMM32DLL
 0001:000491A0       Imm32IsIME
 0002:00000184       IMSecsPerDay
 0001:0000F808       InBounds
 0001:0000FBAC       InBounds
 0001:00060B58       IncludeLastBackslash
 0001:0000CE4C       IncludeTrailingPathDelimiter
 0001:0000F838       Increment
 0001:0000FBDC       Increment
 0002:0000120C       Indentation
 0002:00002CDC       IndyThread_HandleException
 0001:000069B4       InflateRect
 0001:000321EC       IniFiles
 0001:000708B4       Init
 0001:00060E94       Init
 0001:00061984       Init
 0001:00000C08       InitAllocator
 0001:00029C98       InitAnApi
 0002:00002928       InitApis
 0001:0006FF40       InitCheckFreeze
 0001:00018A9C       InitComponent
 0002:00002638       InitContext
 0001:0004923C       InitControls
 0001:00029320       InitDefFontData
 0001:0000D8C0       InitDriveSpacePtr
 0001:0000C814       InitExceptions
 0001:0002B528       InitFlatSB
 0001:0002EAEC       InitGlobals
 0001:00024918       InitializeBitmapInfoHeader
 0001:000003E0       InitializeCriticalSection
 0001:0000638C       InitializeCriticalSection
 0002:000025C4       initialized
 0002:00002C90       Initialized
 0001:0002B500       InitializeFlatSB
 0001:00005F58       InitializeModule
 0001:0000E874       InitializeVarUtils
 0001:00048E40       InitIMM32
 0001:00018B44       InitInheritedComponent
 0001:0000D118       InitLeadBytes
 0001:0002A374       InitMultiMonStubs
 0001:0000C918       InitPlatformId
 0002:00002044       InitProc
 0001:0005E964       InitProcs
 0001:000292A4       InitScreenLogPixels
 0001:0000D190       InitSysLocale
 0001:0007B744       InitSysPath
 0001:0002BB50       InitThemeLibrary
 0001:0001ED64       InitThreadSynchronization
 0001:00005ED4       InitThreadTLS
 0001:0000377C       InitUnits
 0001:0003AAD4       InitWndProc
 0002:00000DA4       InnerStyles
 0002:00002050       Input
 0001:0002E7D0       InputQuery
 0001:00040538       InsertBefore
 0001:0005B738       InsertBefore
 0001:0006714C       InsertColumn
 0001:000010B4       InsertFree
 0001:00050244       InsertHotkeyFarEastFormat
 0001:000069BC       InsertMenu
 0001:000069C4       InsertMenuItem
 0001:000671C8       InsertRow
 0001:0007089C       InstanceModuleName
 0002:00002888       InstBlockList
 0002:0000288C       InstFreeList
 0001:0001423C       Int64Compare
 0001:00014228       IntCompare
 0002:0000285C       IntConstList
 0001:0000621C       InterlockedDecrement
 0001:00000384       InterlockedDecrement
 0001:0000D928       InterlockedDecrement
 0001:00006224       InterlockedExchange
 0001:0000D934       InterlockedExchange
 0001:0000D93C       InterlockedExchangeAdd
 0001:0000D91C       InterlockedIncrement
 0001:0000622C       InterlockedIncrement
 0001:0000037C       InterlockedIncrement
 0001:00002154       InternalClose
 0001:00063350       InternalCriticalError
 0001:00021B04       InternalDeletePalette
 0002:00002D40       InternalErrorCode
 0002:00002D44       InternalErrorMsg
 0001:0006BD54       InternalExceptNotify
 0001:00002330       InternalFlush
 0001:00000EF4       InternalFreeMem
 0001:00024A68       InternalGetDIB
 0001:000249FC       InternalGetDIBSizes
 0001:00063EE4       InternalGetFileSize
 0001:00061238       InternalHookProc
 0002:00002C2C       InternalIntoIDE
 0001:0005F7E0       InternalLog
 0001:00018934       InternalReadComponentRes
 0001:000690AC       InternalSendMail
 0002:00002B24       InternalServices
 0001:000630E0       InternalStringReplace
 0001:00061258       InternalUnhookProc
 0001:00004038       InternalUniqueString
 0001:000065E4       IntersectClipRect
 0001:000069CC       IntersectRect
 0002:00002CF1       IntoFinalization
 0001:0005FE34       IntoIDE
 0002:00002CF0       IntoInitialization
 0002:00002CF8       IntraWebApplication
 0002:00002D04       IntraWebMainThreadID
 0002:00002CFC       IntraWebServerController
 0001:00070294       IntraWeb_BPL
 0002:00002CCC       IntraWeb_HandleException
 0002:00002CD0       IntraWeb_ShowMessage
 0001:00008588       IntToHex
 0001:000085B0       IntToHex
 0001:00018834       IntToIdent
 0001:00008560       IntToStr
 0001:00008474       IntToStr
 0001:000069D4       InvalidateRect
 0001:00023A68       InvalidBitmap
 0001:00023A50       InvalidGraphic
 0001:00023A74       InvalidIcon
 0001:00023A80       InvalidMetafile
 0001:00023A38       InvalidOperation
 0001:000179A0       InvalidPoint
 0002:0000279C       InvalidPointer
 0001:00002CE0       InvokeImplGetter
 0001:00061B54       ioctlsocket
 0001:00001D30       IOResult
 0002:00000EEC       IOwnerDraw
 0002:00000ED4       IRadios
 0002:00000EE4       IRTL
 0001:00054734       IsAccel
 0001:00051424       IsAccelChar
 0001:0006BB04       IsAParent
 0002:00002CE4       ISAPIHandleException
 0002:00002C68       ISAPI_HttpExtensionProc
 0002:00002C6C       ISAPI_Proc
 0002:00002A14       IsAppThemed
 0001:00006394       IsBadReadPtr
 0001:0003B5E8       IsBeforeTargetWindow
 0001:00063EB0       IsCGI
 0001:000069DC       IsChild
 0002:0000204C       IsConsole
 0001:000632D4       IsDebugged
 0001:0000CE08       IsDelimiter
 0001:0003BA44       IsDelphiHandle
 0001:00084650       IsDelphiObject
 0001:000069E4       IsDialogMessage
 0002:00002F78       IsDialogShowed
 0002:00000EDC       ISeparators
 0001:00065DD8       IsEurekaLogModule
 0001:000658E8       IsExceptionHandled
 0001:000069EC       IsIconic
 0001:00051480       IsInitialChar
 0001:0005FDA4       IsInterlanLogActive
 0001:000640D0       IsIntraWeb
 0001:00064098       IsISAPI
 0001:0000A0C8       IsLeapYear
 0002:00002038       IsLibrary
 0001:000665CC       IsMainWindow
 0002:0000204D       IsMultiThread
 0001:0006E524       IsObject
 0001:00046260       IsOrientationSet
 0001:0000CDD4       IsPathDelimiter
 0001:0008468C       IsPythonVersionRegistered
 0001:000069F4       IsRectEmpty
 0001:000322E8       IsRelative
 0001:0003B7EC       IsSiteChildOfClient
 0002:00002A10       IsThemeActive
 0002:000029B8       IsThemeBackgroundPartiallyTransparent
 0002:00002A20       IsThemeDialogTextureEnabled
 0002:000029B4       IsThemePartDefined
 0001:00018910       IsUniqueGlobalComponentName
 0002:00002850       IsUniqueGlobalComponentNameProc
 0001:00063954       IsValidBlockAddr
 0001:00061170       IsValidBlockAddr
 0001:000615C8       IsValidBlockAddr
 0001:000083C4       IsValidIdent
 0001:00063A08       IsValidModule
 0001:000640DC       IsWeb
 0001:0000D178       IsWesternGroup
 0001:00063F3C       IsWinCGI
 0001:000069FC       IsWindow
 0001:00006A04       IsWindowEnabled
 0001:00006A0C       IsWindowVisible
 0001:00006A14       IsZoomed
 0001:000648C8       Is_HandleOnException_Handled
 0001:0004D204       Iterate
 0001:0004D264       IterateMenus
 0002:0000002C       JITEnable
 0002:00002C5C       Kernel_CreateThread
 0002:00002C64       Kernel_ExitThread
 0002:00002C58       Kernel_RaiseException
 0002:00002C60       Kernel_ResumeThread
 0001:000546E8       KeyboardStateToShiftState
 0001:000546AC       KeyDataToShiftState
 0001:00054658       KeysToShiftState
 0001:000638EC       KillApplication
 0001:00006A1C       KillTimer
 0002:00002CAC       LanguageStr
 0001:000089F4       LastDelimiter
 0002:00002D20       LastDelphiException
 0002:00002C0C       LastEurekaVersion
 0002:00002D18       LastExceptAddr
 0002:00002D2C       LastExceptionLog
 0002:00002D28       LastExceptionRecord
 0002:00002D24       LastExceptMessage
 0002:00002D1C       LastExceptObject
 0002:00002D30       LastExceptThreadID
 0002:00002CC8       LastFinalizationPtr
 0002:00002CC4       LastInitializationPtr
 0002:00002CEC       LastInitPointer
 0002:00002C94       LastThreadID
 0001:0000D0A4       LCIDToCodePage
 0001:00005D04       LCIDToCodePage
 0002:00000110       LeadBytes
 0001:000003F0       LeaveCriticalSection
 0001:0000639C       LeaveCriticalSection
 0002:00002F4C       LeftButton
 0002:00000038       LibModuleList
 0001:000065EC       LineTo
 0001:00032A10       ListActns
 0001:0003C5D4       ListAdd
 0001:0006734C       ListDialogProc
 0002:00002F44       ListHeight
 0001:0003C5FC       ListRemove
 0002:00002752       ListSeparator
 0002:00002F40       ListWidth
 0001:00006A24       LoadBitmap
 0001:00006A2C       LoadCursor
 0001:00065F14       LoadDebugInformation
 0001:00006A34       LoadIcon
 0001:00006A3C       LoadKeyboardLayout
 0001:000063A4       LoadLibrary
 0001:000063AC       LoadLibraryEx
 0001:0000030C       LoadLibraryEx
 0001:000063B4       LoadResource
 0001:000053A0       LoadResourceModule
 0001:00005CAC       LoadResString
 0001:00000314       LoadString
 0001:00006A44       LoadString
 0001:000003C0       LocalAlloc
 0001:00005EA8       LocalAlloc
 0001:0006AEB0       LocalesCallback
 0001:000003C8       LocalFree
 0001:0000B9D4       LocalGetLocaleStr
 0002:00002A48       Lock
 0001:000063BC       LockResource
 0001:0006E1B4       Log
 0002:00002C14       LogCriticalSection
 0001:0006A13C       LogFileMessage
 0001:0006A0F8       LogFileName
 0001:00063D50       LogicToPhysicAddr
 0002:00002694       LongDateFormat
 0002:00002728       LongDayNames
 0002:000026DC       LongMonthNames
 0002:000026A8       LongTimeFormat
 0001:00007FA4       LowerCase
 0001:0000648C       lstrcpy
 0001:0000031C       lstrcpyn
 0002:00002824       LVarTypes
 0002:00002828       LVarTypeSync
 0001:0006701C       MailSlotSend
 0002:00002F74       MainDialog
 0002:00002030       MainInstance
 0002:00002D10       MainThreadHandle
 0002:00002034       MainThreadID
 0002:00002D14       MainThreadTopOfStack
 0001:00000484       MakeEmpty
 0001:0000389C       MakeErrorMessage
 0002:00000DF0       MakeLast
 0001:00006C34       MakeLong
 0001:00020580       MakeObjectInstance
 0001:00006C90       MakeROP4
 0001:00006CF0       MakeWParam
 0001:0000C4CC       MapException
 0001:00032980       Mapi
 0002:00000BCC       MAPIDLL
 0002:00000BD0       MAPIModule
 0001:00003584       MapToRunError
 0001:000063C4       MapViewOfFile
 0001:00006A4C       MapVirtualKey
 0001:00006A54       MapWindowPoints
 0002:00000E28       Mask
 0001:000065F4       MaskBlt
 0001:000298E4       Math
 0001:000298AC       Max
 0001:00057004       MaximizedChildren
 0001:0006B7F4       MaxLen
 0001:00065AF4       MaxReadableSize
 0001:00067B74       MemoDialogProc
 0002:00000040       MemoryManager
 0002:00000E44       MenuKeyCaps
 0001:000524A0       Menus
 0001:0000051C       MergeBlockAfter
 0001:000011F8       MergeCommit
 0001:00006A5C       MessageBeep
 0001:00006A64       MessageBox
 0001:000002A4       MessageBox
 0001:0002E6D4       MessageDlgPos
 0001:0002E6F8       MessageDlgPosHelp
 0001:00006F28       Messages
 0001:0007146C       MethodCallBack
 0001:000192A4       Min
 0001:000298A4       Min
 0001:0003FE80       MinVar
 0002:00002930       MMAvailable
 0002:000009D8       ModalResults
 0002:00000E08       ModeMap
 0001:00058D04       ModifySystemMenu
 0002:000000A8       Module
 0001:00061278       ModuleFileName
 0001:000639C8       ModuleFileName
 0001:00063ACC       ModuleInfoByAddr
 0001:00063A54       ModuleInfoByHandle
 0001:00063C8C       ModuleInitTable
 0002:00002665       ModuleIsCpp
 0002:00002664       ModuleIsLib
 0002:00002C74       ModulesList
 0001:00020550       ModuleUnload
 0002:0000003C       ModuleUnloadList
 0002:0000290C       MonitorFromPoint
 0002:00002908       MonitorFromRect
 0002:00002904       MonitorFromWindow
 0002:000000E0       MonthDays
 0002:00002B44       Mouse
 0001:00001D50       Move
 0001:000065FC       MoveToEx
 0001:00006A6C       MoveWindow
 0001:0003C61C       MoveWindowOrg
 0001:00006A74       MsgWaitForMultipleObjects
 0001:000063CC       MulDiv
 0001:0000032C       MultiByteToWideChar
 0001:0005E3F0       MultiLineWidth
 0001:0002A410       MultiMon
 0002:00002689       NegCurrFormat
 0001:00001284       NewCommit
 0001:000012B0       NewCommitAt
 0001:00068014       NewDialogProc
 0002:00002B48       NewStyleControls
 0001:0000CD98       NextCharIndex
 0001:00046244       NextVisibleZone
 0002:00000594       NilMethod
 0002:00000030       NoErrMsg
 0002:00002DA4       NonClientMetrics
 0001:0004E018       NormalDraw
 0001:00003078       NotifyAnyExcept
 0001:00019718       NotifyDesigner
 0001:0000304C       NotifyExcept
 0001:000030AC       NotifyExceptFinally
 0001:00018A10       NotifyGlobalLoading
 0001:000056DC       NotifyModuleUnload
 0001:00003028       NotifyNonDelphiException
 0001:00003064       NotifyOnExcept
 0001:0000300C       NotifyReRaise
 0001:000030D4       NotifyTerminate
 0001:000030F0       NotifyUnhandled
 0001:0000A39C       Now
 0001:00050DD0       NthParentOf
 0002:00002CD8       NTService_LogMessage
 0001:00015544       Null
 0002:00000430       NullAsStringValue
 0001:00014140       NullCompare
 0002:00000424       NullEqualityRule
 0002:00000428       NullMagnitudeRule
 0002:0000042C       NullStrictConvert
 0001:0003AB8C       ObjectFromHWnd
 0002:00000C90       OEMConverts
 0001:00006A7C       OemToAnsi
 0001:00006A84       OffsetRect
 0002:00002C2E       OKToSave
 0002:00002C98       OldExceptObjProc
 0002:00002C78       OldExceptProc
 0002:00002C7C       OldInitProc
 0002:00002C9C       OldSafeCallErrorProc
 0001:0006A730       OneString
 0002:00002D08       OnlySafeCallExceptions
 0001:00006A8C       OpenClipboard
 0002:000008FC       OpenOptions
 0002:00000954       OpenOptionsEx
 0001:00002074       OpenText
 0002:00002980       OpenThemeData
 0002:00000DE8       OrientArray
 0002:00002F2C       OriginalHeight
 0002:00002CF4       OriginalThreadProc
 0002:00002F28       OriginalWidth
 0002:00000DB4       OuterStyles
 0002:00002798       OutOfMemory
 0001:00023A8C       OutOfResources
 0002:0000221C       Output
 0001:000063D4       OutputDebugString
 0002:00000434       PackVarCreation
 0002:000008AC       Pal16
 0001:00021F0C       PaletteChanged
 0001:00024284       PaletteFromDIBColorTable
 0001:00024328       PaletteToDIBColorTable
 0002:000008A8       PalSize
 0001:00001EF4       ParamCount
 0001:00001F5C       ParamStr
 0001:00046628       ParentNotLast
 0002:00000C6C       Passwords
 0001:00006604       PatBlt
 0002:000028F0       PatternManager
 0001:00006A94       PeekMessage
 0002:000028E4       PenManager
 0002:00000878       PenModes
 0002:00000858       PenStyles
 0001:0000660C       PlayEnhMetaFile
 0001:00005FFC       Point
 0001:00017928       Point
 0001:00017D60       PointerInModule
 0001:0004171C       PointsEqual
 0001:00006CD8       PointToSmallPoint
 0001:00006614       Polyline
 0002:00002BD4       PopupList
 0001:00006A9C       PostMessage
 0001:00006AA4       PostQuitMessage
 0001:0002B4C4       Printers
 0002:000005A0       Priorities
 0002:00002C38       ProcedureList
 0001:0005A418       ProcessExecute
 0001:00054964       ProcessHorz
 0001:0006DC74       ProcessMessages
 0001:0005A518       ProcessUpdate
 0001:000549D0       ProcessVert
 0001:00085E78       Project1
 0001:0001C2F0       PropertyNotFound
 0001:0001D558       PropPathError
 0002:00000F4C       Props
 0001:0001C2E4       PropValueError
 0001:00006AAC       PtInRect
 0002:000000A4       PtrToNil
 0001:000094E4       PutExponent
 0001:00084430       pyio_GetTypesStats
 0001:00084138       pyio_read
 0001:00084240       pyio_SetDelayWrites
 0001:000842AC       pyio_SetMaxLines
 0001:00083F84       pyio_write
 0001:00081AC4       PyObjectDestructor
 0001:000848B4       PythonEngine
 0001:00084D3C       PythonGUIInputOutput
[...]
  8245 0001:00081D41  8246 0001:00081D47  8247 0001:00081D50  8248 0001:00081D56
  8249 0001:00081D5F  8250 0001:00081D65  8251 0001:00081D6E  8252 0001:00081D74
  8253 0001:00081D7D  8254 0001:00081D85  8270 0001:00081D88  8271 0001:00081D8C
  8272 0001:00081DA2  8275 0001:00081DA8  8276 0001:00081DAC  8277 0001:00081DBF
  8280 0001:00081DC4  8281 0001:00081DC8  8282 0001:00081DDB  8285 0001:00081DE0
  8286 0001:00081DE3  8287 0001:00081DF3  8290 0001:00081DF8  8291 0001:00081DFB
  8292 0001:00081E08  8295 0001:00081E0C  8296 0001:00081E10  8297 0001:00081E23
  8300 0001:00081E28  8301 0001:00081E2C  8302 0001:00081E42  8305 0001:00081E48
  8306 0001:00081E4C  8307 0001:00081E5F  8310 0001:00081E64  8311 0001:00081E69
  8312 0001:00081E82  8315 0001:00081E88  8316 0001:00081E8C  8317 0001:00081E9F
  8320 0001:00081EA4  8321 0001:00081EA7  8322 0001:00081EB4  8325 0001:00081EB8
  8326 0001:00081EC0  8327 0001:00081ED8  8328 0001:00081EF1  8329 0001:00081F09
  8332 0001:00081F88  8333 0001:00081F8C  8334 0001:00081F9F  8337 0001:00081FA4
  8338 0001:00081FA8  8339 0001:00081FBB  8342 0001:00081FC0  8343 0001:00081FC4
  8344 0001:00081FD7  8349 0001:00081FDC  8350 0001:00081FE9  8351 0001:00081FF8
  8353 0001:00081FFE  8354 0001:00082008  8355 0001:00082015  8356 0001:0008201E
  8357 0001:0008202C  8358 0001:00082030  8359 0001:00082040  8361 0001:0008204D
  8362 0001:00082058  8365 0001:00082060  8368 0001:00082068  8369 0001:0008206C
  8370 0001:00082088  8373 0001:0008208C  8374 0001:0008208F  8375 0001:0008209F
  8381 0001:000820A4  8382 0001:000820A8  8383 0001:000820BE  8386 0001:000820C4
  8387 0001:000820C8  8388 0001:000820DE  8391 0001:000820E4  8392 0001:000820E8
  8393 0001:000820FE  8396 0001:00082104  8397 0001:00082108  8398 0001:0008211E
  8401 0001:00082124  8402 0001:00082128  8403 0001:0008213E  8406 0001:00082144
  8407 0001:00082148  8408 0001:0008215E  8411 0001:00082164  8412 0001:00082168
  8413 0001:0008217E  8416 0001:00082184  8417 0001:00082188  8418 0001:0008219E
  8421 0001:000821A4  8422 0001:000821A9  8423 0001:000821C2  8426 0001:000821C8
  8427 0001:000821CC  8428 0001:000821DF  8431 0001:000821E4  8432 0001:000821E8
  8433 0001:000821FB  8436 0001:00082200  8437 0001:00082204  8438 0001:00082217
  8441 0001:0008221C  8442 0001:0008221F  8443 0001:0008222C  8446 0001:00082230
  8447 0001:00082234  8448 0001:00082247  8451 0001:0008224C  8452 0001:00082250
  8453 0001:00082269  8456 0001:0008226C  8457 0001:00082270  8458 0001:00082289
  8461 0001:0008228C  8462 0001:00082290  8463 0001:000822A9  8466 0001:000822AC
  8467 0001:000822B0  8468 0001:000822C9  8471 0001:000822CC  8472 0001:000822D0
  8473 0001:000822E9  8476 0001:000822EC  8477 0001:000822EF  8478 0001:00082304
  8481 0001:00082308  8482 0001:0008230C  8483 0001:00082322  8486 0001:00082328
  8487 0001:0008232C  8488 0001:00082342  8491 0001:00082348  8492 0001:0008234C
  8493 0001:00082362  8496 0001:00082368  8497 0001:0008236C  8498 0001:00082382
  8501 0001:00082388  8502 0001:0008238C  8503 0001:000823A2  8506 0001:000823A8
  8507 0001:000823AC  8508 0001:000823C5  8511 0001:000823C8  8512 0001:000823CC
  8513 0001:000823E5  8516 0001:000823E8  8517 0001:000823EC  8518 0001:00082405
  8521 0001:00082408  8522 0001:0008240C  8523 0001:00082425  8526 0001:00082428
  8527 0001:0008242C  8528 0001:00082445  8531 0001:00082448  8532 0001:0008244C
  8533 0001:00082465  8536 0001:00082468  8537 0001:0008246C  8538 0001:00082485
  8541 0001:00082488  8542 0001:0008248C  8543 0001:000824A5  8546 0001:000824A8
  8547 0001:000824AD  8548 0001:000824C9  8551 0001:000824D0  8552 0001:000824D4
  8553 0001:000824ED  8556 0001:000824F0  8557 0001:000824F4  8558 0001:0008250D
  8561 0001:00082510  8562 0001:00082514  8563 0001:0008252D  8566 0001:00082530
  8567 0001:00082534  8568 0001:0008254D  8573 0001:00082550  8574 0001:00082553
  8575 0001:00082563  8578 0001:00082568  8579 0001:0008256C  8580 0001:00082585
  8583 0001:00082588  8584 0001:0008258C  8585 0001:000825A5  8588 0001:000825A8
  8589 0001:000825AC  8590 0001:000825C5  8593 0001:000825C8  8594 0001:000825CD
  8595 0001:000825E9  8598 0001:000825F0  8599 0001:000825F4  8600 0001:0008260A
  8603 0001:00082610  8604 0001:00082614  8605 0001:0008262E  8611 0001:00082634
  8612 0001:00082637  8613 0001:00082647  8616 0001:0008264C  8617 0001:00082650
  8618 0001:00082669  8621 0001:0008266C  8622 0001:00082670  8623 0001:00082686
  8626 0001:0008268C  8627 0001:0008268F  8628 0001:000826A2  8631 0001:000826A4
  8632 0001:000826A8  8633 0001:000826C1  8636 0001:000826C4  8637 0001:000826C8
  8638 0001:000826E1  8641 0001:000826E4  8642 0001:000826FD  8645 0001:00082703
  8647 0001:00082712  8648 0001:00082740  8650 0001:0008274E  8651 0001:00082756
  8652 0001:00082762  8653 0001:00082769  8654 0001:00082775  8655 0001:0008277C
  8656 0001:00082788  8657 0001:0008278F  8658 0001:0008279B  8659 0001:000827A2
  8660 0001:000827AE  8661 0001:000827B5  8662 0001:000827C1  8663 0001:000827C8
  8664 0001:000827D4  8665 0001:000827DB  8666 0001:000827E7  8667 0001:000827EE
  8668 0001:000827FA  8669 0001:00082801  8670 0001:0008280D  8671 0001:00082814
  8672 0001:00082820  8673 0001:00082827  8674 0001:00082833  8675 0001:0008283A
  8676 0001:00082846  8677 0001:0008284D  8678 0001:00082859  8679 0001:00082860
  8681 0001:00082869  8682 0001:00082873  8683 0001:0008287D  8684 0001:00082896
  8685 0001:000828A0  8686 0001:000828A6  8687 0001:000828AF  8691 0001:000828B8
  8692 0001:000828C9  8693 0001:000828D2  8695 0001:000828D8  8696 0001:000828E4
  8697 0001:000828EA  8698 0001:000828F6  8699 0001:000828FD  8700 0001:00082909
  8701 0001:00082910  8702 0001:0008291C  8703 0001:00082923  8704 0001:0008292F
  8705 0001:00082939  8706 0001:00082945  8707 0001:0008294F  8708 0001:0008295B
  8709 0001:00082962  8710 0001:0008296E  8711 0001:00082975  8712 0001:00082981
  8713 0001:00082988  8714 0001:00082994  8715 0001:0008299B  8716 0001:000829A7
  8717 0001:000829AE  8718 0001:000829BA  8719 0001:000829C1  8720 0001:000829CD
  8721 0001:000829D4  8722 0001:000829E0  8723 0001:000829E7  8724 0001:000829F3
  8725 0001:000829FA  8726 0001:00082A06  8727 0001:00082A0D  8728 0001:00082A19
  8729 0001:00082A20  8730 0001:00082A2C  8731 0001:00082A33  8732 0001:00082A3F
  8733 0001:00082A46  8734 0001:00082A52  8735 0001:00082A59  8736 0001:00082A65
  8737 0001:00082A6C  8738 0001:00082A78  8739 0001:00082A7F  8740 0001:00082A8B
  8741 0001:00082A92  8742 0001:00082A9E  8743 0001:00082AA5  8744 0001:00082AB1
  8745 0001:00082AB8  8746 0001:00082AC4  8747 0001:00082ACB  8748 0001:00082AD7
  8749 0001:00082ADE  8750 0001:00082AEA  8751 0001:00082AF1  8752 0001:00082AFD
  8753 0001:00082B04  8754 0001:00082B10  8755 0001:00082B1A  8756 0001:00082B26
  8757 0001:00082B30  8758 0001:00082B3C  8759 0001:00082B43  8760 0001:00082B4F
  8761 0001:00082B56  8762 0001:00082B62  8763 0001:00082B69  8764 0001:00082B75
  8765 0001:00082B7C  8766 0001:00082B88  8767 0001:00082B8F  8768 0001:00082B9B
  8769 0001:00082BA5  8770 0001:00082BB1  8774 0001:00082BBB  8775 0001:00082BCE
  8777 0001:00082BD7  8779 0001:00082BDD  8780 0001:00082BE9  8781 0001:00082BEF
  8782 0001:00082BFB  8783 0001:00082C02  8784 0001:00082C0E  8785 0001:00082C15
  8786 0001:00082C21  8787 0001:00082C28  8788 0001:00082C34  8789 0001:00082C3B
  8790 0001:00082C47  8791 0001:00082C4E  8792 0001:00082C5A  8793 0001:00082C61
  8794 0001:00082C6D  8795 0001:00082C74  8796 0001:00082C80  8797 0001:00082C87
  8798 0001:00082C93  8802 0001:00082C9A  8803 0001:00082CAB  8805 0001:00082CB4
  8807 0001:00082CBA  8808 0001:00082CC6  8809 0001:00082CCC  8810 0001:00082CD8
  8811 0001:00082CDF  8812 0001:00082CEB  8815 0001:00082D14  8820 0001:00082D20
  8821 0001:00082D32  8822 0001:00082D3B  8823 0001:00082D4B  8824 0001:00082D5D
  8825 0001:00082D6F  8826 0001:00082D7C  8827 0001:00082D9A  8830 0001:00082DB4
  8831 0001:00082DBF  8832 0001:00082DC7  8833 0001:00082DCE  8834 0001:00082DD9
  8835 0001:00082DE4  8836 0001:00082DFB  8839 0001:00082E00  8840 0001:00082E01
  8841 0001:00082E0C  8844 0001:00082E10  8845 0001:00082E14  8846 0001:00082E1B
  8848 0001:00082E24  8849 0001:00082E2D  8850 0001:00082E33  8851 0001:00082E41
  8853 0001:00082E4B  8855 0001:00082E55  8856 0001:00082E5B  8858 0001:00082E64
  8860 0001:00082E6B  8861 0001:00082E72  8862 0001:00082E79  8865 0001:00082E7C
  8866 0001:00082E7F  8867 0001:00082E8D  8868 0001:00082E95  8869 0001:00082E9C
  8874 0001:00082EA0  8875 0001:00082EA6  8876 0001:00082EAD  8878 0001:00082EB0
  8879 0001:00082EBE  8880 0001:00082ECB  8882 0001:00082ED5  8883 0001:00082EDC
  8886 0001:00082EE3  8888 0001:00082EF0  8893 0001:00082EF8  8894 0001:00082F00
  8895 0001:00082F07  8897 0001:00082F0A  8898 0001:00082F1A  8899 0001:00082F27
  8901 0001:00082F31  8902 0001:00082F38  8905 0001:00082F3F  8907 0001:00082F4C
  8913 0001:00082F54  8914 0001:00082F71  8915 0001:00082F78  8916 0001:00082F95
  8917 0001:00082FB8  8919 0001:00082FC5  8920 0001:00082FDC  8921 0001:0008300A
  8923 0001:00083017  8924 0001:00083021  8925 0001:00083032  8926 0001:0008304A
  8927 0001:00083054  8928 0001:00083065  8929 0001:00083070  8931 0001:0008308F
  8933 0001:000830AA  8935 0001:000830C7  8937 0001:000830CA  8938 0001:000830E1
  8939 0001:000830FB  8940 0001:0008311C  8941 0001:00083125  8943 0001:00083162
  8947 0001:0008320C  8948 0001:00083211  8957 0001:00083214  8958 0001:00083217
  8960 0001:00083220  8963 0001:00083234  8964 0001:00083243  8965 0001:00083250
  8966 0001:00083260  8969 0001:0008326A  8975 0001:00083284  8976 0001:0008328B
  8978 0001:00083295  8979 0001:000832B2  8982 0001:000832B5  8983 0001:000832C2
  8984 0001:000832CB  8985 0001:000832D3  8987 0001:000832D6  8988 0001:000832E9
  8989 0001:000832EF  8990 0001:00083318  8991 0001:00083327  8992 0001:00083330
  8993 0001:00083346  8995 0001:00083361  8998 0001:00083430  8999 0001:00083437
  9000 0001:0008343E  9001 0001:00083447  9003 0001:00083452  9004 0001:00083468
  9007 0001:0008348C  9008 0001:00083493  9009 0001:0008349A  9010 0001:000834A1
  9012 0001:000834AA  9013 0001:000834C0  9017 0001:000834E4  9018 0001:000834E9
  9019 0001:000834F0  9020 0001:000834F9  9022 0001:00083505  9023 0001:0008351E
  9037 0001:00083544  9038 0001:00083547  9039 0001:00083555  9052 0001:0008358F
  9058 0001:00083594  9059 0001:000835B3  9060 0001:000835BE  9061 0001:000835CD
  9064 0001:000835D9  9065 0001:000835E1  9066 0001:000835EC  9067 0001:000835FA
  9069 0001:00083617  9072 0001:0008364A  9079 0001:00083650  9080 0001:00083659
  9081 0001:00083669  9082 0001:00083690  9083 0001:000836AC  9084 0001:000836CB
  9085 0001:000836DD  9086 0001:00083700  9082 0001:00083734  9087 0001:0008373B
  9089 0001:00083780  9090 0001:0008378C  9092 0001:0008379C  9093 0001:000837A3
  9095 0001:000837B1  9103 0001:000837B8  9104 0001:000837D3  9105 0001:000837E0
  9106 0001:000837E7  9109 0001:000837F0  9110 0001:000837F4  9111 0001:00083809
  9112 0001:00083825  9113 0001:00083834  9116 0001:00083873  9117 0001:00083876
  9118 0001:0008387A  9119 0001:0008387C  9110 0001:0008387D  9107 0001:00083880
  9121 0001:0008388A  9122 0001:000838CB  9124 0001:000838D4  9125 0001:000838EF
  9126 0001:000838FC  9127 0001:0008390C  9128 0001:0008391C  9129 0001:00083925
  9130 0001:00083945  9133 0001:00083970  9134 0001:00083973  9136 0001:00083979
  9137 0001:00083980  9138 0001:00083987  9139 0001:0008398E  9140 0001:00083995
  9143 0001:00083998  9144 0001:0008399C  9145 0001:000839A3  9147 0001:000839AC
  9148 0001:000839B3  9150 0001:000839BA  9151 0001:000839BF  9153 0001:000839C6
  9154 0001:000839C9  9155 0001:000839D1  9156 0001:000839D6  9160 0001:000839DC
  9161 0001:000839EE  9162 0001:00083A0E  9170 0001:00083A14  9171 0001:00083A2F
  9172 0001:00083A39  9174 0001:00083A40  9175 0001:00083A55  9177 0001:00083A6E
  9180 0001:00083A84  9181 0001:00083A8F  9183 0001:00083A94  9185 0001:00083A9B
  9186 0001:00083AA0  9189 0001:00083AA5  9190 0001:00083ABC  9195 0001:00083AC0
  9196 0001:00083ADF  9198 0001:00083AE4  9199 0001:00083AFF  9201 0001:00083B0B
  9203 0001:00083B37  9206 0001:00083B50  9207 0001:00083B73  9208 0001:00083B75
  9210 0001:00083B7A  9211 0001:00083B95  9213 0001:00083BA1  9215 0001:00083BCE
  9220 0001:00083BE8  9221 0001:00083C07  9223 0001:00083C0F  9224 0001:00083C19
  9225 0001:00083C27  9229 0001:00083C87  9232 0001:00083CC2  9239 0001:00083CDC
  9244 0001:00083CE1  9253 0001:00083CE4  9254 0001:00083D01  9255 0001:00083D06
  9257 0001:00083D0E  9260 0001:00083D1E  9262 0001:00083D33  9265 0001:00083D40
  9266 0001:00083D4D  9268 0001:00083D5D  9270 0001:00083D64  9271 0001:00083D67
  9273 0001:00083D72  9274 0001:00083D78  9276 0001:00083DA3  9281 0001:00083DAC
  9282 0001:00083DCD  9284 0001:00083DD5  9285 0001:00083DDF  9286 0001:00083DED
  9287 0001:00083DFB  9289 0001:00083E18  9292 0001:00083E43  9295 0001:00083E73
  9298 0001:00083E7C  9299 0001:00083E9C  9301 0001:00083EA3  9304 0001:00083EB3
  9306 0001:00083EC8  9309 0001:00083ED7  9311 0001:00083EF3  9312 0001:00083EFD
  9313 0001:00083F03  9314 0001:00083F0C  9316 0001:00083F1C  9318 0001:00083F49
  9323 0001:00083F50  9324 0001:00083F58  9326 0001:00083F5F  9327 0001:00083F6B
  9328 0001:00083F75  9330 0001:00083F7F  9418 0001:00083F84  9421 0001:00083FB4
  9422 0001:00083FC3  9424 0001:00083FCA  9426 0001:00084006  9427 0001:00084013
  9431 0001:00084018  9433 0001:0008401F  9435 0001:00084037  9436 0001:00084046
  9438 0001:00084062  9439 0001:00084070  9441 0001:00084093  9442 0001:000840A1
  9444 0001:000840D3  9448 0001:000840DF  9449 0001:000840E5  9452 0001:0008411D
  9458 0001:00084138  9459 0001:00084151  9461 0001:00084158  9463 0001:00084165
  9464 0001:0008416D  9465 0001:00084177  9466 0001:0008417D  9468 0001:00084187
  9469 0001:00084191  9472 0001:00084198  9474 0001:000841B9  9476 0001:000841C3
  9477 0001:000841CD  9480 0001:000841D4  9483 0001:000841EA  9486 0001:00084200
  9488 0001:00084237  9493 0001:00084240  9494 0001:00084247  9496 0001:0008424E
  9498 0001:00084268  9499 0001:00084272  9500 0001:0008427C  9503 0001:00084288
  9505 0001:00084290  9510 0001:000842AC  9511 0001:000842B3  9513 0001:000842BA
  9515 0001:000842D4  9516 0001:000842DE  9517 0001:000842E4  9520 0001:000842F0
  9522 0001:000842F8  9533 0001:00084310  9534 0001:00084318  9536 0001:0008431F
  9537 0001:0008432B  9538 0001:0008434F  9539 0001:0008436D  9540 0001:0008438B
  9542 0001:000843AC  9547 0001:000843B4  9548 0001:000843C0  9549 0001:000843C5
  9550 0001:000843CC  9551 0001:000843DD  9552 0001:000843F5  9553 0001:00084401
  9555 0001:00084414  9556 0001:00084420  9557 0001:00084422  9550 0001:00084423
  9558 0001:00084429  9565 0001:00084430  9566 0001:0008444F  9568 0001:00084456
  9569 0001:00084462  9570 0001:00084471  9572 0001:0008448A  9573 0001:000844AF
  9574 0001:000844BA  9576 0001:000844C0  9577 0001:000844CB  9578 0001:000844DC
  9581 0001:000844E6  9570 0001:000844E7  9582 0001:000844EC  9583 0001:000844FD
  9585 0001:00084515  9586 0001:00084526  9587 0001:00084537  9588 0001:00084541
  9582 0001:00084542  9590 0001:0008456A  9604 0001:00084574  9605 0001:0008457D
  9606 0001:00084593  9607 0001:0008459E  9608 0001:000845AC  9609 0001:000845C2
  9610 0001:000845C7  9614 0001:00084628  9616 0001:0008464F  9621 0001:00084650
  9622 0001:00084651  9626 0001:00084653  9628 0001:00084657  9629 0001:0008465D
  9631 0001:00084663  9633 0001:00084670  9634 0001:00084672  9636 0001:00084674
  9629 0001:00084680  9639 0001:00084688  9681 0001:0008468C  9682 0001:000846C7
  9683 0001:000846CB  9684 0001:000846D3  9685 0001:000846D9  9686 0001:000846E7
  9687 0001:00084704  9688 0001:00084718  9689 0001:00084726  9690 0001:00084733
  9691 0001:00084742  9692 0001:00084748  9695 0001:00084759  9698 0001:00084778
  9701 0001:0008477D  9702 0001:00084785  9703 0001:00084799  9704 0001:000847A7
  9705 0001:000847B4  9706 0001:000847C5  9707 0001:000847DD  9710 0001:000847EE
  9712 0001:0008482E  9715 0001:000848B4  9715 0001:000848BB

Line numbers for PythonGUIInputOutput(PythonGUIInputOutput.pas) segment .text

   110 0001:000849C4   111 0001:000849CD   112 0001:000849D8   113 0001:000849DD
   114 0001:000849E2   115 0001:000849E7   121 0001:000849EC   122 0001:000849F6
   124 0001:000849FB   129 0001:000849FC   130 0001:00084A03   132 0001:00084A09
   133 0001:00084A0E   136 0001:00084A10   137 0001:00084A29   138 0001:00084A30
   140 0001:00084A3B   141 0001:00084A6C   147 0001:00084A74   148 0001:00084A8D
   149 0001:00084A94   152 0001:00084A9F   153 0001:00084AB1   155 0001:00084AD8
   160 0001:00084B10   161 0001:00084B29   162 0001:00084B30   165 0001:00084B3B
   166 0001:00084B4D   168 0001:00084B74   174 0001:00084BAC   176 0001:00084BBE
   182 0001:00084BC0   183 0001:00084BD8   185 0001:00084BE4   186 0001:00084BF1
   187 0001:00084BFB   188 0001:00084C35   194 0001:00084C3C   195 0001:00084C4E
   203 0001:00084C57   209 0001:00084C7C   213 0001:00084C80   219 0001:00084C8B
   222 0001:00084C93   223 0001:00084CAA   230 0001:00084CB0   231 0001:00084CB7
   233 0001:00084CBE   234 0001:00084CCE   235 0001:00084CDE   237 0001:00084CEE
   241 0001:00084D05   249 0001:00084D3C   249 0001:00084D43

Line numbers for Unit1(Unit1.pas) segment .text

    90 0001:0008519C    91 0001:000851B3    95 0001:000851B4    96 0001:000851CB
    98 0001:000851D1    99 0001:000851DC   101 0001:00085217   104 0001:0008521C
   105 0001:00085233   107 0001:00085239   108 0001:00085244   110 0001:0008527F
   113 0001:00085284   114 0001:0008529C   115 0001:000852E4   118 0001:00085300
   119 0001:00085318   120 0001:00085327   121 0001:0008536B   125 0001:0008538C
   126 0001:000853A5   127 0001:000853DA   130 0001:000853E0   131 0001:0008540F
   132 0001:0008544D   136 0001:00085454   137 0001:0008545A   139 0001:0008545F
   140 0001:00085467   142 0001:0008546E   146 0001:00085474   147 0001:0008547B
   149 0001:00085482   150 0001:0008548F   151 0001:00085497   153 0001:000854A0
   157 0001:000854A4   159 0001:000854C4   162 0001:000854CB   165 0001:000854DC
   166 0001:0008550D   167 0001:0008553E   169 0001:0008556F   172 0001:000855DB
   178 0001:00085640   180 0001:00085660   181 0001:00085672   183 0001:00085689
   184 0001:00085698   185 0001:000856A8   186 0001:000856B8   187 0001:000856C8
   188 0001:000856D8   189 0001:000856E8   190 0001:000856F8   191 0001:00085708
   192 0001:00085718   198 0001:00085728   201 0001:00085761   208 0001:00085768
   212 0001:0008577B   214 0001:000857AD   217 0001:000857B0   220 0001:000857D6
   222 0001:000857ED   223 0001:000857FA   224 0001:00085808   225 0001:00085816
   226 0001:00085824   227 0001:00085832   228 0001:00085840   229 0001:0008584E
   230 0001:0008585C   231 0001:0008586A   233 0001:00085878   235 0001:00085892
   238 0001:000858A3   239 0001:000858D1   241 0001:000858FF   243 0001:00085941
   246 0001:000859B1   250 0001:00085A08   251 0001:00085A0E   253 0001:00085A13
   254 0001:00085A1B   256 0001:00085A22   259 0001:00085A28   260 0001:00085A2F
   262 0001:00085A36   263 0001:00085A43   264 0001:00085A4B   266 0001:00085A54
   273 0001:00085A58   274 0001:00085A79   276 0001:00085ABB   277 0001:00085AD4
   278 0001:00085ADC   280 0001:00085ADE   282 0001:00085B0B   278 0001:00085B0C
   284 0001:00085B11   286 0001:00085B7F   288 0001:00085C08   288 0001:00085C0F

Line numbers for Project1(D:\workspace\pyTest\Project1.dpr) segment .text

    17 0001:00085E78    18 0001:00085E88    19 0001:00085E94    20 0001:00085EAC
    21 0001:00085EB8

Bound resource files

c:\program files (x86)\borland\delphi7\Lib\Buttons.res
c:\program files (x86)\borland\delphi7\Lib\ExtDlgs.res
c:\program files (x86)\borland\delphi7\Lib\Controls.res
C:\Program Files (x86)\EurekaLog 4\Delphi7\DIALOG.RES
Unit1.dfm
Project1.res
Project1.drf


Program entry point at 0001:00085E78
